BL51 BANKED LINKER/LOCATER V6.22.2.0                                                    01/14/2022  13:18:28  PAGE 1


BL51 BANKED LINKER/LOCATER V6.22.2.0, INVOKED BY:
D:\2FILERJ\KEIL5FORC51\C51\BIN\BL51.EXE .\output\main.obj, .\output\public.obj, .\output\tftlcd.obj, .\output\gui.obj TO
>>  .\output\template PRINT (.\output\template.m51) RAMSIZE (256)


MEMORY MODEL: LARGE


INPUT MODULES INCLUDED:
  .\output\main.obj (MAIN)
  .\output\public.obj (PUBLIC)
  .\output\tftlcd.obj (TFTLCD)
  .\output\gui.obj (GUI)
  D:\2FILERJ\KEIL5FORC51\C51\LIB\C51L.LIB (?C_STARTUP)
  D:\2FILERJ\KEIL5FORC51\C51\LIB\C51L.LIB (?C?CLDPTR)
  D:\2FILERJ\KEIL5FORC51\C51\LIB\C51L.LIB (?C?CLDOPTR)
  D:\2FILERJ\KEIL5FORC51\C51\LIB\C51L.LIB (?C?CSTPTR)
  D:\2FILERJ\KEIL5FORC51\C51\LIB\C51L.LIB (?C?IMUL)
  D:\2FILERJ\KEIL5FORC51\C51\LIB\C51L.LIB (?C?UIDIV)
  D:\2FILERJ\KEIL5FORC51\C51\LIB\C51L.LIB (?C?IILDX)
  D:\2FILERJ\KEIL5FORC51\C51\LIB\C51L.LIB (?C?ILDIX)
  D:\2FILERJ\KEIL5FORC51\C51\LIB\C51L.LIB (?C?ILDOPTR)
  D:\2FILERJ\KEIL5FORC51\C51\LIB\C51L.LIB (?C?ISTOPTR)
  D:\2FILERJ\KEIL5FORC51\C51\LIB\C51L.LIB (?C?LMUL)
  D:\2FILERJ\KEIL5FORC51\C51\LIB\C51L.LIB (?C?ULDIV)
  D:\2FILERJ\KEIL5FORC51\C51\LIB\C51L.LIB (?C?SLDIV)
  D:\2FILERJ\KEIL5FORC51\C51\LIB\C51L.LIB (?C?SLCMP)
  D:\2FILERJ\KEIL5FORC51\C51\LIB\C51L.LIB (?C?ULCMP)
  D:\2FILERJ\KEIL5FORC51\C51\LIB\C51L.LIB (?C?ULSHR)
  D:\2FILERJ\KEIL5FORC51\C51\LIB\C51L.LIB (?C?LSTXDATA)
  D:\2FILERJ\KEIL5FORC51\C51\LIB\C51L.LIB (?C?LSTKXDATA)
  D:\2FILERJ\KEIL5FORC51\C51\LIB\C51L.LIB (?C?LIMUL)
  D:\2FILERJ\KEIL5FORC51\C51\LIB\C51L.LIB (STRLEN)
  D:\2FILERJ\KEIL5FORC51\C51\LIB\C51L.LIB (?C_INIT)


LINK MAP OF MODULE:  .\output\template (MAIN)


            TYPE    BASE      LENGTH    RELOCATION   SEGMENT NAME
            -----------------------------------------------------

            * * * * * * *   D A T A   M E M O R Y   * * * * * * *
            REG     0000H     0008H     ABSOLUTE     "REG BANK 0"
            IDATA   0008H     0001H     UNIT         ?STACK

            * * * * * * *  X D A T A   M E M O R Y  * * * * * * *
            XDATA   0000H     00D3H     UNIT         ?XD?MAIN
            XDATA   00D3H     0029H     UNIT         _XDATA_GROUP_
            XDATA   00FCH     0024H     UNIT         ?XD?_GUI_DRAW_ELLIPSE?GUI
            XDATA   0120H     0022H     UNIT         ?XD?_GUI_FILL_ELLIPSE?GUI
            XDATA   0142H     001FH     UNIT         ?XD?_GUI_DRAW_BLINE?GUI
            XDATA   0161H     001FH     UNIT         ?XD?_GUI_DRAW_BLINE1?GUI
            XDATA   0180H     001EH     UNIT         ?XD?_LCD_DRAWLINE_COLOR?TFTLCD
            XDATA   019EH     001EH     UNIT         ?XD?_GUI_DRAW_LINE?GUI
            XDATA   01BCH     001EH     UNIT         ?XD?_GUI_SMOOTH_COLOR?GUI
            XDATA   01DAH     001CH     UNIT         ?XD?_LCD_DRAWLINE?TFTLCD
            XDATA   01F6H     0019H     UNIT         ?XD?_GUI_DRAW_ARC?GUI
BL51 BANKED LINKER/LOCATER V6.22.2.0                                                  01/14/2022  13:18:28  PAGE 2


            XDATA   020FH     0019H     UNIT         ?XD?_GUI_SHOW_PTCHAR?GUI
            XDATA   0228H     0018H     UNIT         ?XD?_GUI_FILL_CIRCLE?GUI
            XDATA   0240H     0017H     UNIT         ?XD?_GUI_DRAW_SMOOTH_RECTANGLE?GUI
            XDATA   0257H     0016H     UNIT         ?XD?_GUI_SHOW_STRING?GUI
            XDATA   026DH     0015H     UNIT         ?XD?_LCD_SHOWPICTURE?TFTLCD
            XDATA   0282H     0013H     UNIT         ?XD?_LCD_COLOR_FILL?TFTLCD
            XDATA   0295H     0013H     UNIT         ?XD?_GUI_SHOW_PTSTR?GUI
            XDATA   02A8H     0012H     UNIT         ?XD?_GUI_DRAW_CIRCLE8?GUI
            XDATA   02BAH     0012H     UNIT         ?XD?_GUI_SHOW_STRMID?GUI
            XDATA   02CCH     0012H     UNIT         ?XD?_GUI_SHOW_PTSTRWHITERIM?GUI
            XDATA   02DEH     0011H     UNIT         ?XD?_GUI_ALPHABLEND_AREA?GUI
            XDATA   02EFH     0010H     UNIT         ?XD?_GUI_DRAW_ARCRECTANGLE?GUI
            XDATA   02FFH     0010H     UNIT         ?XD?_GUI_DRAW_EXPOINT?GUI
            XDATA   030FH     0010H     UNIT         ?XD?_GUI_SHOW_NUM?GUI
            XDATA   031FH     000EH     UNIT         ?XD?_LCD_SHOWXNUM?TFTLCD
            XDATA   032DH     000EH     UNIT         ?XD?_GUI_DRAW_BIGPOINT?GUI
            XDATA   033BH     000EH     UNIT         ?XD?_GUI_FILL_COLORBLOCK?GUI
            XDATA   0349H     000DH     UNIT         ?XD?_GUI_ALPHA_BLEND565?GUI
            XDATA   0356H     000CH     UNIT         ?XD?_GUI_GET_STRINGLINE?GUI
            XDATA   0362H     000BH     UNIT         ?XD?TFTLCD
            XDATA   036DH     000AH     UNIT         ?XD?_LCD_DRAW_CIRCLE?TFTLCD
            XDATA   0377H     000AH     UNIT         ?XD?_LCD_SHOWFONTHZ?TFTLCD
            XDATA   0381H     0009H     UNIT         ?XD?_GUI_NUM2STR?GUI
            XDATA   038AH     0008H     UNIT         ?XD?_LCD_READPOINT?TFTLCD
            XDATA   0392H     0008H     UNIT         ?XD?_LCD_DRAWRECTANGLE?TFTLCD
            XDATA   039AH     0008H     UNIT         ?XD?_GUI_COLOR_CHG?GUI
            XDATA   03A2H     0008H     UNIT         ?XD?_GUI_DISABS?GUI
            XDATA   03AAH     0006H     UNIT         ?XD?_LCD_DRAWBIGPOINT?TFTLCD
            XDATA   03B0H     0006H     UNIT         ?XD?_LCD_DROWSIGN?TFTLCD
            XDATA   03B6H     0006H     UNIT         ?XD?_GUI_POW?GUI
            XDATA   03BCH     0004H     UNIT         ?XD?_GUI_DRAW_POINT?GUI

            * * * * * * *   C O D E   M E M O R Y   * * * * * * *
            CODE    0000H     0003H     ABSOLUTE     
            CODE    0003H     0007H     UNIT         ?PR?TIME0_INT?MAIN
                    000AH     0001H                  *** GAP ***
            CODE    000BH     0003H     ABSOLUTE     
            CODE    000EH     0015H     UNIT         ?PR?_STRLEN?STRLEN
            CODE    0023H     0003H     ABSOLUTE     
            CODE    0026H     1BE6H     UNIT         ?CO?TFTLCD
            CODE    1C0CH     06B3H     UNIT         ?PR?_GUI_DRAW_ARCRECTANGLE?GUI
            CODE    22BFH     0404H     UNIT         ?PR?_GUI_DRAW_ELLIPSE?GUI
            CODE    26C3H     03CAH     UNIT         ?PR?_GUI_DRAW_BLINE1?GUI
            CODE    2A8DH     03A0H     UNIT         ?PR?_GUI_FILL_CIRCLE?GUI
            CODE    2E2DH     0311H     UNIT         ?C?LIB_CODE
            CODE    313EH     02DDH     UNIT         ?PR?SNAKEMOVE?MAIN
            CODE    341BH     0271H     UNIT         ?PR?_GUI_DRAW_CIRCLE8?GUI
            CODE    368CH     026CH     UNIT         ?PR?_GUI_DRAW_BLINE?GUI
            CODE    38F8H     025CH     UNIT         ?PR?_GUI_FILL_ELLIPSE?GUI
            CODE    3B54H     0256H     UNIT         ?PR?_GUI_SHOW_PTCHAR?GUI
            CODE    3DAAH     024FH     UNIT         ?PR?_GUI_SHOW_PTSTR?GUI
            CODE    3FF9H     023EH     UNIT         ?PR?TFTLCD_INIT?TFTLCD
            CODE    4237H     0237H     UNIT         ?PR?_GUI_SHOW_STRING?GUI
            CODE    446EH     01F3H     UNIT         ?PR?_GUI_DRAW_LINE?GUI
            CODE    4661H     01EFH     UNIT         ?PR?_LCD_DRAWLINE?TFTLCD
            CODE    4850H     01EDH     UNIT         ?PR?_LCD_DRAWLINE_COLOR?TFTLCD
            CODE    4A3DH     01E9H     UNIT         ?PR?_GUI_SMOOTH_COLOR?GUI
BL51 BANKED LINKER/LOCATER V6.22.2.0                                                  01/14/2022  13:18:28  PAGE 3


            CODE    4C26H     01D8H     UNIT         ?PR?_LCD_DRAW_CIRCLE?TFTLCD
            CODE    4DFEH     01D7H     UNIT         ?PR?_GUI_DRAW_ARC?GUI
            CODE    4FD5H     01C3H     UNIT         ?PR?_GUI_SHOW_NUM?GUI
            CODE    5198H     0189H     UNIT         ?PR?_GUI_GET_STRINGLINE?GUI
            CODE    5321H     0187H     UNIT         ?PR?_LCD_SHOWCHAR?TFTLCD
            CODE    54A8H     0147H     UNIT         ?PR?_GUI_FILL_COLORBLOCK?GUI
            CODE    55EFH     0146H     UNIT         ?PR?_GUI_SHOW_STRMID?GUI
            CODE    5735H     0142H     UNIT         ?PR?_LCD_SHOWFONTHZ?TFTLCD
            CODE    5877H     012DH     UNIT         ?PR?_LCD_SHOWPICTURE?TFTLCD
            CODE    59A4H     0129H     UNIT         ?PR?_LCD_SHOWXNUM?TFTLCD
            CODE    5ACDH     0119H     UNIT         ?PR?SHOWINIT?MAIN
            CODE    5BE6H     010CH     UNIT         ?PR?_GUI_DRAW_SMOOTH_RECTANGLE?GUI
            CODE    5CF2H     00F8H     UNIT         ?PR?_LCD_COLOR_FILL?TFTLCD
            CODE    5DEAH     00F7H     UNIT         ?PR?_GUI_ALPHABLEND_AREA?GUI
            CODE    5EE1H     00F4H     UNIT         ?PR?_GUI_DRAW_BIGPOINT?GUI
            CODE    5FD5H     00F0H     UNIT         ?PR?_LCD_DROWSIGN?TFTLCD
            CODE    60C5H     00EDH     UNIT         ?PR?_GUI_ALPHA_BLEND565?GUI
            CODE    61B2H     00E5H     UNIT         ?PR?_LCD_SHOWSTRING?TFTLCD
            CODE    6297H     00DCH     UNIT         ?PR?_LCD_SHOWNUM?TFTLCD
            CODE    6373H     00D2H     UNIT         ?PR?_GUI_SHOW_PTSTRWHITERIM?GUI
            CODE    6445H     00CFH     UNIT         ?PR?_LCD_READPOINT?TFTLCD
            CODE    6514H     00C9H     UNIT         ?PR?_LCD_FILL?TFTLCD
            CODE    65DDH     00C8H     UNIT         ?PR?_GUI_DRAW_RECTANGLE?GUI
            CODE    66A5H     00C1H     UNIT         ?PR?_GUI_DRAW_EXPOINT?GUI
            CODE    6766H     00BFH     UNIT         ?PR?DISPLAY_DEAD?MAIN
            CODE    6825H     00AEH     UNIT         ?PR?_GUI_NUM2STR?GUI
            CODE    68D3H     00ABH     UNIT         ?PR?FOODPRODUCE?MAIN
            CODE    697EH     00AAH     UNIT         ?PR?_LCD_DRAWRECTANGLE?TFTLCD
            CODE    6A28H     0094H     UNIT         ?PR?_GUI_DRAW_VLINE?GUI
            CODE    6ABCH     0091H     UNIT         ?PR?_LCD_SET_WINDOW?TFTLCD
            CODE    6B4DH     008CH     UNIT         ?C_C51STARTUP
            CODE    6BD9H     008AH     UNIT         ?PR?_GUI_FILL_RECTANGLE?GUI
            CODE    6C63H     0081H     UNIT         ?PR?_LCD_CLEAR?TFTLCD
            CODE    6CE4H     0080H     UNIT         ?PR?_GUI_COLOR_CHG?GUI
            CODE    6D64H     007BH     UNIT         ?PR?_GUI_DRAW_HLINE?GUI
            CODE    6DDFH     0073H     UNIT         ?PR?_LCD_DRAWBIGPOINT?TFTLCD
            CODE    6E52H     006BH     UNIT         ?PR?_GUI_DISABS?GUI
            CODE    6EBDH     0057H     UNIT         ?PR?UART?MAIN
            CODE    6F14H     0050H     UNIT         ?CO?MAIN
            CODE    6F64H     0050H     UNIT         ?PR?_LCD_POW?TFTLCD
            CODE    6FB4H     004BH     UNIT         ?PR?_LCD_DISPLAY_DIR?TFTLCD
            CODE    6FFFH     0049H     UNIT         ?PR?_GUI_POW?GUI
            CODE    7048H     0048H     UNIT         ?PR?_LCD_DRAWFRONT_COLOR?TFTLCD
            CODE    7090H     0044H     UNIT         ?C?LDIV
            CODE    70D4H     0040H     UNIT         ?PR?_LCD_DRAWPOINT?TFTLCD
            CODE    7114H     003CH     UNIT         ?PR?_GUI_RGB332TORGB565?GUI
            CODE    7150H     003CH     UNIT         ?PR?_GUI_DRAW_POINT?GUI
            CODE    718CH     002EH     UNIT         ?PR?_LCD_WRITEDATA?TFTLCD
            CODE    71BAH     0029H     UNIT         ?PR?_LCD_WRITECMD?TFTLCD
            CODE    71E3H     0029H     UNIT         ?PR?_LCD_WRITEDATA_COLOR?TFTLCD
            CODE    720CH     001FH     UNIT         ?PR?_DELAY?TFTLCD
            CODE    722BH     001FH     UNIT         ?PR?LCD_READDATA?TFTLCD
            CODE    724AH     001EH     UNIT         ?PR?_DELAY_MS?PUBLIC
            CODE    7268H     0014H     UNIT         ?PR?_LCD_WRITECMDDATA?TFTLCD
            CODE    727CH     0013H     UNIT         ?PR?INITUART?MAIN
            CODE    728FH     0011H     UNIT         ?PR?MAIN?MAIN
            CODE    72A0H     0010H     UNIT         ?PR?TIME0_INIT?MAIN
BL51 BANKED LINKER/LOCATER V6.22.2.0                                                  01/14/2022  13:18:28  PAGE 4


            CODE    72B0H     000BH     UNIT         ?PR?_DELAY_10US?PUBLIC
            CODE    72BBH     000BH     UNIT         ?C_INITSEG



OVERLAY MAP OF MODULE:   .\output\template (MAIN)


SEGMENT                                      XDATA_GROUP
  +--> CALLED SEGMENT                      START    LENGTH
----------------------------------------------------------
?C_C51STARTUP                              -----    -----
  +--> ?PR?MAIN?MAIN
  +--> ?C_INITSEG

?PR?MAIN?MAIN                              -----    -----
  +--> ?PR?TIME0_INIT?MAIN
  +--> ?PR?INITUART?MAIN
  +--> ?PR?SHOWINIT?MAIN
  +--> ?PR?FOODPRODUCE?MAIN
  +--> ?PR?SNAKEMOVE?MAIN

?PR?SHOWINIT?MAIN                          -----    -----
  +--> ?PR?TFTLCD_INIT?TFTLCD
  +--> ?CO?MAIN
  +--> ?PR?_LCD_SHOWSTRING?TFTLCD
  +--> ?PR?_GUI_DRAW_RECTANGLE?GUI
  +--> ?PR?_LCD_SHOWNUM?TFTLCD
  +--> ?PR?_GUI_FILL_RECTANGLE?GUI

?PR?TFTLCD_INIT?TFTLCD                     00D3H    0002H
  +--> ?PR?_DELAY_MS?PUBLIC
  +--> ?PR?_LCD_WRITECMD?TFTLCD
  +--> ?PR?LCD_READDATA?TFTLCD
  +--> ?PR?_LCD_WRITEDATA?TFTLCD
  +--> ?PR?_DELAY_10US?PUBLIC
  +--> ?PR?_DELAY?TFTLCD
  +--> ?PR?_LCD_DISPLAY_DIR?TFTLCD
  +--> ?PR?_LCD_CLEAR?TFTLCD

?PR?_LCD_WRITEDATA?TFTLCD                  -----    -----
  +--> ?PR?_LCD_WRITECMD?TFTLCD

?PR?_LCD_DISPLAY_DIR?TFTLCD                -----    -----
  +--> ?PR?_LCD_WRITECMDDATA?TFTLCD

?PR?_LCD_WRITECMDDATA?TFTLCD               -----    -----
  +--> ?PR?_LCD_WRITECMD?TFTLCD
  +--> ?PR?_LCD_WRITEDATA?TFTLCD

?PR?_LCD_CLEAR?TFTLCD                      00D5H    0004H
  +--> ?PR?_LCD_SET_WINDOW?TFTLCD
  +--> ?PR?_LCD_WRITEDATA_COLOR?TFTLCD

?PR?_LCD_SET_WINDOW?TFTLCD                 00F4H    0008H
  +--> ?PR?_LCD_WRITEDATA?TFTLCD
  +--> ?PR?_LCD_WRITECMD?TFTLCD
BL51 BANKED LINKER/LOCATER V6.22.2.0                                                  01/14/2022  13:18:28  PAGE 5



?PR?_LCD_SHOWSTRING?TFTLCD                 00D5H    000DH
  +--> ?PR?_LCD_SHOWCHAR?TFTLCD

?PR?_LCD_SHOWCHAR?TFTLCD                   00E2H    000CH
  +--> ?CO?TFTLCD
  +--> ?PR?_LCD_DRAWFRONT_COLOR?TFTLCD

?PR?_LCD_DRAWFRONT_COLOR?TFTLCD            00EEH    0006H
  +--> ?PR?_LCD_SET_WINDOW?TFTLCD
  +--> ?PR?_LCD_WRITEDATA_COLOR?TFTLCD

?PR?_GUI_DRAW_RECTANGLE?GUI                00D3H    000AH
  +--> ?PR?_GUI_DRAW_HLINE?GUI
  +--> ?PR?_GUI_DRAW_VLINE?GUI

?PR?_GUI_DRAW_HLINE?GUI                    00DDH    0008H
  +--> ?PR?_LCD_FILL?TFTLCD

?PR?_LCD_FILL?TFTLCD                       00E5H    000CH
  +--> ?PR?_LCD_SET_WINDOW?TFTLCD
  +--> ?PR?_LCD_WRITEDATA_COLOR?TFTLCD

?PR?_GUI_DRAW_VLINE?GUI                    00DDH    0008H
  +--> ?PR?_LCD_FILL?TFTLCD

?PR?_LCD_SHOWNUM?TFTLCD                    00D5H    000DH
  +--> ?PR?_LCD_POW?TFTLCD
  +--> ?PR?_LCD_SHOWCHAR?TFTLCD

?PR?_LCD_POW?TFTLCD                        00E2H    0006H

?PR?_GUI_FILL_RECTANGLE?GUI                00D5H    000AH
  +--> ?PR?_LCD_FILL?TFTLCD

?PR?FOODPRODUCE?MAIN                       -----    -----
  +--> ?PR?_GUI_FILL_RECTANGLE?GUI

?PR?SNAKEMOVE?MAIN                         00D3H    0002H
  +--> ?PR?_GUI_FILL_RECTANGLE?GUI
  +--> ?PR?FOODPRODUCE?MAIN
  +--> ?PR?_LCD_SHOWNUM?TFTLCD
  +--> ?PR?_DELAY_MS?PUBLIC
  +--> ?PR?DISPLAY_DEAD?MAIN

?PR?DISPLAY_DEAD?MAIN                      -----    -----
  +--> ?PR?_LCD_CLEAR?TFTLCD
  +--> ?CO?MAIN
  +--> ?PR?_LCD_SHOWSTRING?TFTLCD
  +--> ?PR?_LCD_SHOWNUM?TFTLCD



SYMBOL TABLE OF MODULE:  .\output\template (MAIN)

  VALUE           TYPE          NAME
  ----------------------------------
BL51 BANKED LINKER/LOCATER V6.22.2.0                                                  01/14/2022  13:18:28  PAGE 6



  -------         MODULE        MAIN
  C:0000H         SYMBOL        _ICE_DUMMY_
  D:0090H         PUBLIC        P1
  C:68D3H         PUBLIC        foodProduce
  D:00A0H         PUBLIC        P2
  D:00B0H         PUBLIC        P3
  B:00A8H.7       PUBLIC        EA
  X:0000H         PUBLIC        Food
  D:00A8H         PUBLIC        IE
  B:00A8H.4       PUBLIC        ES
  D:00B8H         PUBLIC        IP
  B:0098H.0       PUBLIC        RI
  B:0098H.1       PUBLIC        TI
  C:728FH         PUBLIC        main
  C:313EH         PUBLIC        snakeMove
  D:0099H         PUBLIC        SBUF
  D:0087H         PUBLIC        PCON
  D:0098H         PUBLIC        SCON
  D:0089H         PUBLIC        TMOD
  D:0088H         PUBLIC        TCON
  C:72A0H         PUBLIC        Time0_Init
  C:6EBDH         PUBLIC        uart
  X:0004H         PUBLIC        direction
  B:00A8H.1       PUBLIC        ET0
  B:00A8H.3       PUBLIC        ET1
  C:6766H         PUBLIC        Display_dead
  D:008CH         PUBLIC        TH0
  D:008DH         PUBLIC        TH1
  C:0003H         PUBLIC        Time0_Int
  D:008AH         PUBLIC        TL0
  D:008BH         PUBLIC        TL1
  B:0088H.4       PUBLIC        TR0
  B:0088H.6       PUBLIC        TR1
  C:5ACDH         PUBLIC        showInit
  X:0005H         PUBLIC        directionBackUP
  D:00C8H         PUBLIC        T2CON
  C:727CH         PUBLIC        initUART
  X:0006H         PUBLIC        Snake
  D:00D0H         PUBLIC        PSW
  -------         PROC          SHOWINIT
  C:5ACDH         LINE#         43
  C:5ACDH         LINE#         44
  C:5ACDH         LINE#         45
  C:5AD3H         LINE#         46
  C:5AD7H         LINE#         47
  C:5ADCH         LINE#         48
  C:5AE0H         LINE#         49
  C:5AE6H         LINE#         50
  C:5AECH         LINE#         51
  C:5AF2H         LINE#         52
  C:5AF8H         LINE#         53
  C:5AFEH         LINE#         55
  C:5B01H         LINE#         56
  C:5B0AH         LINE#         57
  C:5B3AH         LINE#         58
  C:5B58H         LINE#         59
BL51 BANKED LINKER/LOCATER V6.22.2.0                                                  01/14/2022  13:18:28  PAGE 7


  C:5B8AH         LINE#         60
  C:5BAEH         LINE#         61
  C:5BCAH         LINE#         62
  -------         ENDPROC       SHOWINIT
  -------         PROC          TIME0_INIT
  C:72A0H         LINE#         64
  C:72A0H         LINE#         65
  C:72A0H         LINE#         66
  C:72A3H         LINE#         67
  C:72A5H         LINE#         68
  C:72A7H         LINE#         69
  C:72AAH         LINE#         70
  C:72ADH         LINE#         71
  C:72AFH         LINE#         72
  -------         ENDPROC       TIME0_INIT
  -------         PROC          FOODPRODUCE
  -------         DO            
  D:0002H         SYMBOL        f
  D:0006H         SYMBOL        u
  -------         ENDDO         
  C:68D3H         LINE#         73
  C:68D3H         LINE#         74
  C:68D3H         LINE#         77
  C:68D3H         LINE#         78
  C:68D6H         LINE#         79
  C:68E2H         LINE#         80
  C:68ECH         LINE#         81
  C:68F9H         LINE#         82
  C:6907H         LINE#         83
  C:6922H         LINE#         84
  C:6953H         LINE#         85
  C:695AH         LINE#         86
  -------         ENDPROC       FOODPRODUCE
  -------         PROC          DISPLAY_DEAD
  C:6766H         LINE#         111
  C:6766H         LINE#         112
  C:6766H         LINE#         113
  C:676CH         LINE#         114
  C:679EH         LINE#         115
  C:67D0H         LINE#         116
  C:67F4H         LINE#         117
  -------         ENDPROC       DISPLAY_DEAD
  -------         PROC          SNAKEMOVE
  -------         DO            
  X:00D3H         SYMBOL        last_x
  X:00D4H         SYMBOL        last_y
  D:0001H         SYMBOL        count
  D:0007H         SYMBOL        e
  -------         ENDDO         
  C:313EH         LINE#         119
  C:313EH         LINE#         120
  C:313EH         LINE#         122
  C:3144H         LINE#         123
  C:31ADH         LINE#         124
  C:31ADH         LINE#         125
  C:31B3H         LINE#         129
  C:31D5H         LINE#         130
BL51 BANKED LINKER/LOCATER V6.22.2.0                                                  01/14/2022  13:18:28  PAGE 8


  C:31FBH         LINE#         131
  C:3221H         LINE#         132
  C:3247H         LINE#         134
  C:3259H         LINE#         135
  C:3259H         LINE#         136
  C:325EH         LINE#         137
  C:3263H         LINE#         138
  C:326CH         LINE#         139
  C:3273H         LINE#         140
  C:3273H         LINE#         141
  C:3295H         LINE#         142
  C:32A1H         LINE#         143
  C:32A1H         LINE#         144
  C:32C4H         LINE#         145
  C:32E6H         LINE#         146
  C:32E9H         LINE#         147
  C:32F9H         LINE#         148
  C:3323H         LINE#         151
  C:334EH         LINE#         152
  C:334EH         LINE#         153
  C:3376H         LINE#         154
  C:3378H         LINE#         156
  C:3378H         LINE#         157
  C:337EH         LINE#         158
  C:3384H         LINE#         159
  C:3387H         LINE#         160
  C:33ABH         LINE#         161
  C:33C0H         LINE#         162
  C:33D1H         LINE#         164
  C:33D1H         LINE#         165
  C:33DDH         LINE#         166
  C:3403H         LINE#         167
  C:340EH         LINE#         168
  C:3415H         LINE#         169
  C:3418H         LINE#         170
  -------         ENDPROC       SNAKEMOVE
  -------         PROC          INITUART
  C:727CH         LINE#         172
  C:727CH         LINE#         173
  C:727CH         LINE#         174
  C:727FH         LINE#         175
  C:7282H         LINE#         176
  C:7285H         LINE#         177
  C:7288H         LINE#         178
  C:728AH         LINE#         180
  C:728CH         LINE#         181
  C:728EH         LINE#         182
  -------         ENDPROC       INITUART
  -------         PROC          MAIN
  C:728FH         LINE#         183
  C:728FH         LINE#         184
  C:728FH         LINE#         185
  C:7292H         LINE#         186
  C:7295H         LINE#         187
  C:7298H         LINE#         188
  C:729BH         LINE#         189
  C:729EH         LINE#         191
BL51 BANKED LINKER/LOCATER V6.22.2.0                                                  01/14/2022  13:18:28  PAGE 9


  -------         ENDPROC       MAIN
  -------         PROC          TIME0_INT
  C:0003H         LINE#         193
  C:0003H         LINE#         195
  C:0006H         LINE#         196
  C:0009H         LINE#         197
  -------         ENDPROC       TIME0_INT
  -------         PROC          UART
  -------         DO            
  D:0007H         SYMBOL        i
  -------         ENDDO         
  C:6EBDH         LINE#         198
  C:6ECAH         LINE#         201
  C:6ECDH         LINE#         202
  C:6ECDH         LINE#         203
  C:6ECFH         LINE#         204
  C:6ED1H         LINE#         205
  C:6ED1H         LINE#         206
  C:6EE0H         LINE#         207
  C:6EE0H         LINE#         208
  C:6EE8H         LINE#         209
  C:6EF0H         LINE#         210
  C:6EF8H         LINE#         211
  C:6EFEH         LINE#         212
  C:6EFEH         LINE#         213
  C:6F04H         LINE#         214
  C:6F07H         LINE#         215
  C:6F09H         LINE#         216
  -------         ENDPROC       UART
  -------         ENDMOD        MAIN

  -------         MODULE        PUBLIC
  C:0000H         SYMBOL        _ICE_DUMMY_
  D:0090H         PUBLIC        P1
  D:00B0H         PUBLIC        P3
  D:00A8H         PUBLIC        IE
  D:00B8H         PUBLIC        IP
  D:0098H         PUBLIC        SCON
  D:0088H         PUBLIC        TCON
  C:72B0H         PUBLIC        _delay_10us
  C:724AH         PUBLIC        _delay_ms
  D:00C8H         PUBLIC        T2CON
  D:00D0H         PUBLIC        PSW
  -------         PROC          _DELAY_10US
  D:0006H         SYMBOL        us
  C:72B0H         LINE#         6
  C:72B0H         LINE#         7
  C:72B0H         LINE#         8
  C:72BAH         LINE#         9
  -------         ENDPROC       _DELAY_10US
  -------         PROC          _DELAY_MS
  D:0006H         SYMBOL        ms
  -------         DO            
  D:0006H         SYMBOL        i
  D:0004H         SYMBOL        j
  -------         ENDDO         
  C:724AH         LINE#         11
BL51 BANKED LINKER/LOCATER V6.22.2.0                                                  01/14/2022  13:18:28  PAGE 10


  C:724AH         LINE#         12
  C:724AH         LINE#         14
  C:7253H         LINE#         15
  C:7267H         LINE#         16
  -------         ENDPROC       _DELAY_MS
  -------         ENDMOD        PUBLIC

  -------         MODULE        TFTLCD
  C:0000H         SYMBOL        _ICE_DUMMY_
  D:0080H         PUBLIC        P0
  D:0090H         PUBLIC        P1
  X:0362H         PUBLIC        tftlcd_data
  D:00A0H         PUBLIC        P2
  C:59A4H         PUBLIC        _LCD_ShowxNum
  D:00B0H         PUBLIC        P3
  C:6297H         PUBLIC        _LCD_ShowNum
  D:00A8H         PUBLIC        IE
  C:6FB4H         PUBLIC        _LCD_Display_Dir
  C:5735H         PUBLIC        _LCD_ShowFontHZ
  D:00B8H         PUBLIC        IP
  C:6C63H         PUBLIC        _LCD_Clear
  C:5CF2H         PUBLIC        _LCD_Color_Fill
  C:71EBH         PUBLIC        _LCD_WriteData_Color
  C:722BH         PUBLIC        LCD_ReadData
  C:4850H         PUBLIC        _LCD_DrawLine_Color
  C:704EH         PUBLIC        _LCD_DrawFRONT_COLOR
  D:0098H         PUBLIC        SCON
  D:0088H         PUBLIC        TCON
  C:0A8AH         PUBLIC        ascii_2412
  C:0026H         PUBLIC        ascii_1206
  C:5877H         PUBLIC        _LCD_ShowPicture
  C:3FF9H         PUBLIC        TFTLCD_Init
  C:049AH         PUBLIC        ascii_1608
  C:6514H         PUBLIC        _LCD_Fill
  C:6AC1H         PUBLIC        _LCD_Set_Window
  C:7199H         PUBLIC        _LCD_WriteData
  C:6445H         PUBLIC        _LCD_ReadPoint
  B:00B0H.3       PUBLIC        TFT_RST
  C:4661H         PUBLIC        _LCD_DrawLine
  C:70EAH         PUBLIC        _LCD_DrawPoint
  C:61B2H         PUBLIC        _LCD_ShowString
  C:726EH         PUBLIC        _LCD_WriteCmdData
  C:5321H         PUBLIC        _LCD_ShowChar
  C:71C2H         PUBLIC        _LCD_WriteCmd
  C:697EH         PUBLIC        _LCD_DrawRectangle
  B:00B0H.2       PUBLIC        TFT_RD
  B:00A0H.7       PUBLIC        TFT_CS
  C:5FD5H         PUBLIC        _LCD_DrowSign
  C:6DDFH         PUBLIC        _LCD_DrawBigPoint
  D:00C8H         PUBLIC        T2CON
  C:6F6BH         PUBLIC        _LCD_Pow
  X:0369H         PUBLIC        FRONT_COLOR
  C:720CH         PUBLIC        _Delay
  X:036BH         PUBLIC        BACK_COLOR
  B:00A0H.6       PUBLIC        TFT_RS
  B:00A0H.5       PUBLIC        TFT_WR
  C:4C26H         PUBLIC        _LCD_Draw_Circle
BL51 BANKED LINKER/LOCATER V6.22.2.0                                                  01/14/2022  13:18:28  PAGE 11


  D:00D0H         PUBLIC        PSW
  C:17E6H         PUBLIC        CnChar32x29
  -------         PROC          _DELAY
  D:0006H         SYMBOL        dly
  -------         DO            
  D:0004H         SYMBOL        i
  D:0002H         SYMBOL        j
  -------         ENDDO         
  C:720CH         LINE#         14
  C:720CH         LINE#         15
  C:720CH         LINE#         18
  C:7216H         LINE#         19
  C:722AH         LINE#         20
  -------         ENDPROC       _DELAY
  -------         PROC          L?0197
  -------         ENDPROC       L?0197
  -------         PROC          _LCD_WRITECMD
  D:0004H         SYMBOL        cmd
  -------         DO            
  D:0007H         SYMBOL        cmdH
  D:0006H         SYMBOL        cmdL
  -------         ENDDO         
  C:71C2H         LINE#         23
  C:71C6H         LINE#         24
  C:71C6H         LINE#         47
  C:71C8H         LINE#         48
  C:71CAH         LINE#         51
  C:71CCH         LINE#         52
  C:71CEH         LINE#         54
  C:71D0H         LINE#         55
  C:71D2H         LINE#         58
  C:71D4H         LINE#         59
  C:71D6H         LINE#         61
  C:71D8H         LINE#         62
  C:71DCH         LINE#         63
  C:71DEH         LINE#         64
  C:71E0H         LINE#         66
  C:71E2H         LINE#         115
  -------         ENDPROC       _LCD_WRITECMD
  C:718CH         SYMBOL        L?0184
  C:718EH         SYMBOL        L?0185
  C:7194H         SYMBOL        L?0186
  -------         PROC          L?0183
  -------         ENDPROC       L?0183
  C:718CH         SYMBOL        L?0184
  C:718EH         SYMBOL        L?0185
  C:7194H         SYMBOL        L?0186
  -------         PROC          _LCD_WRITEDATA
  D:0004H         SYMBOL        dat
  -------         DO            
  D:0007H         SYMBOL        datH
  D:0006H         SYMBOL        datL
  -------         ENDDO         
  C:7199H         LINE#         119
  C:719DH         LINE#         120
  C:719DH         LINE#         143
  C:719FH         LINE#         144
BL51 BANKED LINKER/LOCATER V6.22.2.0                                                  01/14/2022  13:18:28  PAGE 12


  C:71A1H         LINE#         146
  C:71A3H         LINE#         147
  C:71A5H         LINE#         149
  C:71A7H         LINE#         150
  C:71A9H         LINE#         153
  C:71ABH         LINE#         154
  C:71ADH         LINE#         155
  C:71AFH         LINE#         157
  C:71B3H         LINE#         159
  C:71B5H         LINE#         160
  C:71B7H         LINE#         162
  C:71B9H         LINE#         209
  -------         ENDPROC       _LCD_WRITEDATA
  C:71E3H         SYMBOL        L?0191
  C:71E6H         SYMBOL        L?0192
  -------         PROC          L?0190
  -------         ENDPROC       L?0190
  C:71E3H         SYMBOL        L?0191
  C:71E6H         SYMBOL        L?0192
  -------         PROC          _LCD_WRITEDATA_COLOR
  D:0004H         SYMBOL        color
  -------         DO            
  D:0007H         SYMBOL        datH
  D:0006H         SYMBOL        datL
  -------         ENDDO         
  C:71EBH         LINE#         211
  C:71EFH         LINE#         212
  C:71EFH         LINE#         235
  C:71F1H         LINE#         236
  C:71F3H         LINE#         238
  C:71F5H         LINE#         239
  C:71F7H         LINE#         241
  C:71F9H         LINE#         242
  C:71FBH         LINE#         245
  C:71FDH         LINE#         246
  C:71FFH         LINE#         247
  C:7201H         LINE#         249
  C:7205H         LINE#         251
  C:7207H         LINE#         252
  C:7209H         LINE#         254
  C:720BH         LINE#         301
  -------         ENDPROC       _LCD_WRITEDATA_COLOR
  -------         PROC          L?0199
  -------         ENDPROC       L?0199
  -------         PROC          _LCD_WRITECMDDATA
  D:0006H         SYMBOL        cmd
  D:0002H         SYMBOL        dat
  C:726EH         LINE#         303
  C:7272H         LINE#         304
  C:7272H         LINE#         305
  C:7275H         LINE#         306
  -------         ENDPROC       _LCD_WRITECMDDATA
  -------         PROC          LCD_READDATA
  -------         DO            
  D:0006H         SYMBOL        ram
  -------         ENDDO         
  C:722BH         LINE#         311
BL51 BANKED LINKER/LOCATER V6.22.2.0                                                  01/14/2022  13:18:28  PAGE 13


  C:722BH         LINE#         312
  C:722BH         LINE#         315
  C:722EH         LINE#         316
  C:7231H         LINE#         332
  C:7233H         LINE#         333
  C:7235H         LINE#         334
  C:7237H         LINE#         335
  C:7238H         LINE#         336
  C:723AH         LINE#         337
  C:723CH         LINE#         339
  C:723EH         LINE#         340
  C:7240H         LINE#         341
  C:7241H         LINE#         342
  C:7245H         LINE#         343
  C:7247H         LINE#         344
  C:7249H         LINE#         399
  C:7249H         LINE#         400
  -------         ENDPROC       LCD_READDATA
  -------         PROC          _LCD_DISPLAY_DIR
  D:0007H         SYMBOL        dir
  C:6FB4H         LINE#         404
  C:6FB4H         LINE#         405
  C:6FB4H         LINE#         406
  C:6FB9H         LINE#         407
  C:6FBBH         LINE#         408
  C:6FBBH         LINE#         413
  C:6FC4H         LINE#         414
  C:6FC9H         LINE#         437
  C:6FD2H         LINE#         438
  C:6FDBH         LINE#         439
  C:6FDCH         LINE#         441
  C:6FDCH         LINE#         447
  C:6FE7H         LINE#         448
  C:6FECH         LINE#         472
  C:6FF5H         LINE#         473
  C:6FFEH         LINE#         474
  C:6FFEH         LINE#         475
  -------         ENDPROC       _LCD_DISPLAY_DIR
  -------         PROC          TFTLCD_INIT
  -------         DO            
  X:00D3H         SYMBOL        i
  -------         ENDDO         
  C:3FF9H         LINE#         478
  C:3FF9H         LINE#         479
  C:3FF9H         LINE#         480
  C:4000H         LINE#         481
  C:4002H         LINE#         482
  C:4008H         LINE#         484
  C:400AH         LINE#         485
  C:4011H         LINE#         487
  C:4013H         LINE#         488
  C:401AH         LINE#         496
  C:4020H         LINE#         497
  C:402BH         LINE#         585
  C:4038H         LINE#         586
  C:403FH         LINE#         587
  C:4044H         LINE#         588
BL51 BANKED LINKER/LOCATER V6.22.2.0                                                  01/14/2022  13:18:28  PAGE 14


  C:4049H         LINE#         589
  C:4057H         LINE#         590
  C:405EH         LINE#         591
  C:406CH         LINE#         592
  C:407AH         LINE#         593
  C:4088H         LINE#         595
  C:4096H         LINE#         596
  C:40A4H         LINE#         597
  C:40B2H         LINE#         598
  C:40C0H         LINE#         599
  C:40CEH         LINE#         600
  C:40DCH         LINE#         601
  C:40E3H         LINE#         604
  C:40EFH         LINE#         605
  C:40FDH         LINE#         606
  C:410BH         LINE#         608
  C:4119H         LINE#         609
  C:4127H         LINE#         610
  C:4134H         LINE#         611
  C:4142H         LINE#         613
  C:414FH         LINE#         614
  C:415CH         LINE#         615
  C:4169H         LINE#         628
  C:4176H         LINE#         629
  C:4184H         LINE#         630
  C:4191H         LINE#         631
  C:419FH         LINE#         633
  C:41ADH         LINE#         634
  C:41BAH         LINE#         636
  C:41C7H         LINE#         637
  C:41D5H         LINE#         638
  C:41E3H         LINE#         639
  C:41F1H         LINE#         640
  C:41FFH         LINE#         641
  C:420DH         LINE#         643
  C:421BH         LINE#         644
  C:4222H         LINE#         648
  C:4227H         LINE#         893
  C:422CH         LINE#         894
  -------         ENDPROC       TFTLCD_INIT
  C:6ABCH         SYMBOL        L?0194
  -------         PROC          L?0193
  -------         ENDPROC       L?0193
  C:6ABCH         SYMBOL        L?0194
  -------         PROC          _LCD_SET_WINDOW
  X:00F4H         SYMBOL        sx
  X:00F6H         SYMBOL        sy
  D:0002H         SYMBOL        width
  X:00FAH         SYMBOL        height
  C:6AC1H         LINE#         901
  C:6ACFH         LINE#         902
  C:6ACFH         LINE#         925
  C:6AD5H         LINE#         926
  C:6AD5H         LINE#         927
  C:6AD8H         LINE#         928
  C:6ADBH         LINE#         929
  C:6AE2H         LINE#         930
BL51 BANKED LINKER/LOCATER V6.22.2.0                                                  01/14/2022  13:18:28  PAGE 15


  C:6AE9H         LINE#         931
  C:6AF0H         LINE#         932
  C:6AF4H         LINE#         933
  C:6AFBH         LINE#         934
  C:6B01H         LINE#         936
  C:6B03H         LINE#         937
  C:6B06H         LINE#         938
  C:6B08H         LINE#         939
  C:6B08H         LINE#         941
  C:6B08H         LINE#         943
  C:6B0AH         LINE#         945
  C:6B0AH         LINE#         946
  C:6B0CH         LINE#         947
  C:6B0FH         LINE#         948
  C:6B16H         LINE#         949
  C:6B1DH         LINE#         950
  C:6B24H         LINE#         951
  C:6B28H         LINE#         952
  C:6B2FH         LINE#         953
  C:6B35H         LINE#         955
  C:6B37H         LINE#         956
  C:6B3AH         LINE#         957
  C:6B41H         LINE#         958
  C:6B45H         LINE#         960
  C:6B4CH         LINE#         961
  C:6B4CH         LINE#         1068
  -------         ENDPROC       _LCD_SET_WINDOW
  -------         PROC          _LCD_READPOINT
  X:038AH         SYMBOL        x
  X:038CH         SYMBOL        y
  -------         DO            
  D:0004H         SYMBOL        r
  X:038EH         SYMBOL        g
  X:0390H         SYMBOL        b
  D:0002H         SYMBOL        dat
  -------         ENDDO         
  C:6445H         LINE#         1073
  C:6453H         LINE#         1074
  C:6453H         LINE#         1075
  C:645FH         LINE#         1076
  C:648DH         LINE#         1077
  C:64B0H         LINE#         1083
  C:64B7H         LINE#         1084
  C:64BEH         LINE#         1087
  C:64CDH         LINE#         1088
  C:64E2H         LINE#         1089
  C:64E8H         LINE#         1090
  C:650EH         LINE#         1092
  C:6510H         LINE#         1123
  C:6513H         LINE#         1124
  -------         ENDPROC       _LCD_READPOINT
  -------         PROC          _LCD_CLEAR
  X:00D5H         SYMBOL        color
  -------         DO            
  D:0002H         SYMBOL        i
  X:00D7H         SYMBOL        j
  -------         ENDDO         
BL51 BANKED LINKER/LOCATER V6.22.2.0                                                  01/14/2022  13:18:28  PAGE 16


  C:6C63H         LINE#         1128
  C:6C6BH         LINE#         1129
  C:6C6BH         LINE#         1130
  C:6C70H         LINE#         1132
  C:6C9AH         LINE#         1133
  C:6CAAH         LINE#         1134
  C:6CAAH         LINE#         1135
  C:6CC6H         LINE#         1136
  C:6CC6H         LINE#         1137
  C:6CCCH         LINE#         1138
  C:6CDCH         LINE#         1139
  C:6CE3H         LINE#         1140
  -------         ENDPROC       _LCD_CLEAR
  -------         PROC          _LCD_FILL
  X:00E5H         SYMBOL        xState
  X:00E7H         SYMBOL        yState
  X:00E9H         SYMBOL        xEnd
  X:00EBH         SYMBOL        yEnd
  X:00EDH         SYMBOL        color
  -------         DO            
  X:00EFH         SYMBOL        temp
  -------         ENDDO         
  C:6514H         LINE#         1145
  C:652CH         LINE#         1146
  C:652CH         LINE#         1147
  C:6533H         LINE#         1149
  C:6555H         LINE#         1150
  C:6555H         LINE#         1152
  C:6555H         LINE#         1153
  C:6569H         LINE#         1154
  C:658AH         LINE#         1155
  C:65A9H         LINE#         1157
  C:65B7H         LINE#         1158
  C:65B7H         LINE#         1159
  C:65C6H         LINE#         1160
  C:65D4H         LINE#         1161
  C:65D4H         LINE#         1162
  C:65DAH         LINE#         1163
  C:65DCH         LINE#         1164
  C:65DCH         LINE#         1165
  -------         ENDPROC       _LCD_FILL
  -------         PROC          _LCD_COLOR_FILL
  X:0282H         SYMBOL        sx
  X:0284H         SYMBOL        sy
  D:0002H         SYMBOL        ex
  X:0288H         SYMBOL        ey
  X:028AH         SYMBOL        color
  -------         DO            
  X:028DH         SYMBOL        height
  X:028FH         SYMBOL        width
  X:0291H         SYMBOL        i
  X:0293H         SYMBOL        j
  -------         ENDDO         
  C:5CF2H         LINE#         1170
  C:5D00H         LINE#         1171
  C:5D00H         LINE#         1174
  C:5D1BH         LINE#         1175
BL51 BANKED LINKER/LOCATER V6.22.2.0                                                  01/14/2022  13:18:28  PAGE 17


  C:5D3CH         LINE#         1176
  C:5D59H         LINE#         1177
  C:5D75H         LINE#         1178
  C:5D75H         LINE#         1179
  C:5D92H         LINE#         1180
  C:5D92H         LINE#         1181
  C:5DC8H         LINE#         1182
  C:5DD8H         LINE#         1183
  C:5DE9H         LINE#         1184
  -------         ENDPROC       _LCD_COLOR_FILL
  C:70D7H         SYMBOL        L?0188
  C:70D8H         SYMBOL        L?0189
  -------         PROC          L?0187
  -------         ENDPROC       L?0187
  C:70D7H         SYMBOL        L?0188
  C:70D8H         SYMBOL        L?0189
  -------         PROC          _LCD_DRAWPOINT
  D:0002H         SYMBOL        x
  D:0082H         SYMBOL        y
  C:70EAH         LINE#         1189
  C:70F2H         LINE#         1190
  C:70F2H         LINE#         1191
  C:7109H         LINE#         1192
  -------         ENDPROC       _LCD_DRAWPOINT
  C:7049H         SYMBOL        L?0196
  -------         PROC          L?0195
  -------         ENDPROC       L?0195
  C:7049H         SYMBOL        L?0196
  -------         PROC          _LCD_DRAWFRONT_COLOR
  X:00EEH         SYMBOL        x
  X:00F0H         SYMBOL        y
  X:00F2H         SYMBOL        color
  C:704EH         LINE#         1198
  C:7066H         LINE#         1199
  C:7066H         LINE#         1200
  C:7085H         LINE#         1201
  -------         ENDPROC       _LCD_DRAWFRONT_COLOR
  -------         PROC          _LCD_DRAWBIGPOINT
  X:03AAH         SYMBOL        x
  X:03ACH         SYMBOL        y
  X:03AEH         SYMBOL        color
  C:6DDFH         LINE#         1206
  C:6DF3H         LINE#         1207
  C:6DF3H         LINE#         1208
  C:6DF6H         LINE#         1209
  C:6E0FH         LINE#         1210
  C:6E2BH         LINE#         1211
  -------         ENDPROC       _LCD_DRAWBIGPOINT
  -------         PROC          _LCD_DRAWLINE
  X:01DAH         SYMBOL        x1
  X:01DCH         SYMBOL        y1
  D:0002H         SYMBOL        x2
  X:01E0H         SYMBOL        y2
  -------         DO            
  X:01E2H         SYMBOL        t
  X:01E4H         SYMBOL        xerr
  X:01E6H         SYMBOL        yerr
BL51 BANKED LINKER/LOCATER V6.22.2.0                                                  01/14/2022  13:18:28  PAGE 18


  X:01E8H         SYMBOL        delta_x
  X:01EAH         SYMBOL        delta_y
  X:01ECH         SYMBOL        distance
  X:01EEH         SYMBOL        incx
  X:01F0H         SYMBOL        incy
  X:01F2H         SYMBOL        uRow
  X:01F4H         SYMBOL        uCol
  -------         ENDDO         
  C:4661H         LINE#         1217
  C:466FH         LINE#         1218
  C:466FH         LINE#         1219
  C:4676H         LINE#         1220
  C:467EH         LINE#         1222
  C:4693H         LINE#         1223
  C:46AEH         LINE#         1224
  C:46BDH         LINE#         1225
  C:46C3H         LINE#         1226
  C:46DFH         LINE#         1227
  C:46EBH         LINE#         1228
  C:4700H         LINE#         1229
  C:471CH         LINE#         1230
  C:4728H         LINE#         1231
  C:473DH         LINE#         1232
  C:4763H         LINE#         1233
  C:4768H         LINE#         1234
  C:478DH         LINE#         1235
  C:478DH         LINE#         1236
  C:479EH         LINE#         1237
  C:47B2H         LINE#         1238
  C:47C6H         LINE#         1239
  C:47E2H         LINE#         1240
  C:47E2H         LINE#         1241
  C:47EEH         LINE#         1242
  C:4802H         LINE#         1243
  C:4802H         LINE#         1244
  C:481EH         LINE#         1245
  C:481EH         LINE#         1246
  C:482AH         LINE#         1247
  C:483EH         LINE#         1248
  C:483EH         LINE#         1249
  C:484FH         LINE#         1250
  -------         ENDPROC       _LCD_DRAWLINE
  -------         PROC          _LCD_DRAWLINE_COLOR
  X:0180H         SYMBOL        x1
  X:0182H         SYMBOL        y1
  D:0002H         SYMBOL        x2
  X:0186H         SYMBOL        y2
  X:0188H         SYMBOL        color
  -------         DO            
  X:018AH         SYMBOL        t
  X:018CH         SYMBOL        xerr
  X:018EH         SYMBOL        yerr
  X:0190H         SYMBOL        delta_x
  X:0192H         SYMBOL        delta_y
  X:0194H         SYMBOL        distance
  X:0196H         SYMBOL        incx
  X:0198H         SYMBOL        incy
BL51 BANKED LINKER/LOCATER V6.22.2.0                                                  01/14/2022  13:18:28  PAGE 19


  X:019AH         SYMBOL        uRow
  X:019CH         SYMBOL        uCol
  -------         ENDDO         
  C:4850H         LINE#         1252
  C:485EH         LINE#         1253
  C:485EH         LINE#         1255
  C:4869H         LINE#         1257
  C:487EH         LINE#         1258
  C:4899H         LINE#         1259
  C:48A8H         LINE#         1260
  C:48AEH         LINE#         1261
  C:48CAH         LINE#         1262
  C:48D6H         LINE#         1263
  C:48EBH         LINE#         1264
  C:4907H         LINE#         1265
  C:4913H         LINE#         1266
  C:4928H         LINE#         1267
  C:494EH         LINE#         1268
  C:4953H         LINE#         1269
  C:4978H         LINE#         1270
  C:4978H         LINE#         1271
  C:498BH         LINE#         1272
  C:499FH         LINE#         1273
  C:49B3H         LINE#         1274
  C:49CFH         LINE#         1275
  C:49CFH         LINE#         1276
  C:49DBH         LINE#         1277
  C:49EFH         LINE#         1278
  C:49EFH         LINE#         1279
  C:4A0BH         LINE#         1280
  C:4A0BH         LINE#         1281
  C:4A17H         LINE#         1282
  C:4A2BH         LINE#         1283
  C:4A2BH         LINE#         1284
  C:4A3CH         LINE#         1285
  -------         ENDPROC       _LCD_DRAWLINE_COLOR
  -------         PROC          _LCD_DROWSIGN
  X:03B0H         SYMBOL        x
  X:03B2H         SYMBOL        y
  X:03B4H         SYMBOL        color
  -------         DO            
  D:0003H         SYMBOL        i
  -------         ENDDO         
  C:5FD5H         LINE#         1292
  C:5FEDH         LINE#         1293
  C:5FEDH         LINE#         1297
  C:6027H         LINE#         1298
  C:6033H         LINE#         1299
  C:6033H         LINE#         1300
  C:6036H         LINE#         1301
  C:6039H         LINE#         1304
  C:6073H         LINE#         1305
  C:607FH         LINE#         1306
  C:607FH         LINE#         1307
  C:6082H         LINE#         1308
  C:6085H         LINE#         1311
  C:60B2H         LINE#         1312
BL51 BANKED LINKER/LOCATER V6.22.2.0                                                  01/14/2022  13:18:28  PAGE 20


  C:60BEH         LINE#         1313
  C:60BEH         LINE#         1314
  C:60C1H         LINE#         1315
  C:60C4H         LINE#         1316
  -------         ENDPROC       _LCD_DROWSIGN
  -------         PROC          _LCD_DRAWRECTANGLE
  X:0392H         SYMBOL        x1
  X:0394H         SYMBOL        y1
  X:0396H         SYMBOL        x2
  X:0398H         SYMBOL        y2
  C:697EH         LINE#         1320
  C:6994H         LINE#         1321
  C:6994H         LINE#         1322
  C:69B0H         LINE#         1323
  C:69D7H         LINE#         1324
  C:69FFH         LINE#         1325
  -------         ENDPROC       _LCD_DRAWRECTANGLE
  -------         PROC          _LCD_DRAW_CIRCLE
  X:036DH         SYMBOL        x0
  X:036FH         SYMBOL        y0
  D:0003H         SYMBOL        r
  -------         DO            
  X:0371H         SYMBOL        a
  X:0373H         SYMBOL        b
  X:0375H         SYMBOL        di
  -------         ENDDO         
  C:4C26H         LINE#         1330
  C:4C34H         LINE#         1331
  C:4C34H         LINE#         1334
  C:4C43H         LINE#         1335
  C:4C57H         LINE#         1336
  C:4C76H         LINE#         1337
  C:4C76H         LINE#         1338
  C:4C84H         LINE#         1339
  C:4C9DH         LINE#         1340
  C:4CC8H         LINE#         1341
  C:4CF3H         LINE#         1342
  C:4D1FH         LINE#         1343
  C:4D4BH         LINE#         1344
  C:4D62H         LINE#         1345
  C:4D7DH         LINE#         1346
  C:4D8BH         LINE#         1348
  C:4DBBH         LINE#         1350
  C:4DBBH         LINE#         1351
  C:4DECH         LINE#         1352
  C:4DFAH         LINE#         1353
  C:4DFAH         LINE#         1354
  C:4DFDH         LINE#         1355
  -------         ENDPROC       _LCD_DRAW_CIRCLE
  -------         PROC          _LCD_SHOWCHAR
  X:00E2H         SYMBOL        x
  X:00E4H         SYMBOL        y
  X:00E6H         SYMBOL        num
  X:00E7H         SYMBOL        size
  X:00E8H         SYMBOL        mode
  -------         DO            
  X:00E9H         SYMBOL        temp
BL51 BANKED LINKER/LOCATER V6.22.2.0                                                  01/14/2022  13:18:28  PAGE 21


  X:00EAH         SYMBOL        t1
  D:0001H         SYMBOL        t
  X:00EBH         SYMBOL        y0
  X:00EDH         SYMBOL        csize
  -------         ENDDO         
  C:5321H         LINE#         1363
  C:5336H         LINE#         1364
  C:5336H         LINE#         1366
  C:533EH         LINE#         1367
  C:5366H         LINE#         1368
  C:536DH         LINE#         1369
  C:537CH         LINE#         1370
  C:537CH         LINE#         1371
  C:5399H         LINE#         1372
  C:53B1H         LINE#         1373
  C:53DEH         LINE#         1375
  C:53F3H         LINE#         1376
  C:53F3H         LINE#         1377
  C:540DH         LINE#         1378
  C:5427H         LINE#         1379
  C:542EH         LINE#         1380
  C:543CH         LINE#         1381
  C:5452H         LINE#         1382
  C:546EH         LINE#         1383
  C:546EH         LINE#         1384
  C:5476H         LINE#         1385
  C:5484H         LINE#         1386
  C:549AH         LINE#         1387
  C:549AH         LINE#         1388
  C:549AH         LINE#         1389
  C:54A3H         LINE#         1390
  C:54A7H         LINE#         1391
  -------         ENDPROC       _LCD_SHOWCHAR
  -------         PROC          L?0198
  -------         ENDPROC       L?0198
  -------         PROC          _LCD_POW
  X:00E2H         SYMBOL        m
  X:00E3H         SYMBOL        n
  -------         DO            
  X:00E4H         SYMBOL        result
  -------         ENDDO         
  C:6F6BH         LINE#         1394
  C:6F73H         LINE#         1395
  C:6F73H         LINE#         1396
  C:6F7BH         LINE#         1397
  C:6FA5H         LINE#         1398
  C:6FB3H         LINE#         1399
  -------         ENDPROC       _LCD_POW
  -------         PROC          _LCD_SHOWNUM
  X:00D5H         SYMBOL        x
  X:00D7H         SYMBOL        y
  X:00D9H         SYMBOL        num
  X:00DDH         SYMBOL        len
  X:00DEH         SYMBOL        size
  -------         DO            
  X:00DFH         SYMBOL        t
  X:00E0H         SYMBOL        temp
BL51 BANKED LINKER/LOCATER V6.22.2.0                                                  01/14/2022  13:18:28  PAGE 22


  X:00E1H         SYMBOL        enshow
  -------         ENDDO         
  C:6297H         LINE#         1406
  C:62A5H         LINE#         1407
  C:62A5H         LINE#         1409
  C:62AAH         LINE#         1410
  C:62BFH         LINE#         1411
  C:62BFH         LINE#         1412
  C:62E9H         LINE#         1413
  C:62FCH         LINE#         1414
  C:62FCH         LINE#         1415
  C:6300H         LINE#         1416
  C:6300H         LINE#         1417
  C:632AH         LINE#         1418
  C:632CH         LINE#         1419
  C:6332H         LINE#         1421
  C:6332H         LINE#         1422
  C:6369H         LINE#         1423
  C:6372H         LINE#         1424
  -------         ENDPROC       _LCD_SHOWNUM
  -------         PROC          _LCD_SHOWXNUM
  X:031FH         SYMBOL        x
  X:0321H         SYMBOL        y
  X:0323H         SYMBOL        num
  X:0327H         SYMBOL        len
  X:0328H         SYMBOL        size
  X:0329H         SYMBOL        mode
  -------         DO            
  X:032AH         SYMBOL        t
  X:032BH         SYMBOL        temp
  X:032CH         SYMBOL        enshow
  -------         ENDDO         
  C:59A4H         LINE#         1435
  C:59B2H         LINE#         1436
  C:59B2H         LINE#         1438
  C:59B7H         LINE#         1439
  C:59CCH         LINE#         1440
  C:59CCH         LINE#         1441
  C:59F6H         LINE#         1442
  C:5A0CH         LINE#         1443
  C:5A0CH         LINE#         1444
  C:5A10H         LINE#         1445
  C:5A10H         LINE#         1446
  C:5A46H         LINE#         1447
  C:5A7BH         LINE#         1448
  C:5A7DH         LINE#         1449
  C:5A83H         LINE#         1451
  C:5A83H         LINE#         1452
  C:5AC3H         LINE#         1453
  C:5ACCH         LINE#         1454
  -------         ENDPROC       _LCD_SHOWXNUM
  -------         PROC          _LCD_SHOWSTRING
  X:00D5H         SYMBOL        x
  X:00D7H         SYMBOL        y
  X:00D9H         SYMBOL        width
  X:00DBH         SYMBOL        height
  X:00DDH         SYMBOL        size
BL51 BANKED LINKER/LOCATER V6.22.2.0                                                  01/14/2022  13:18:28  PAGE 23


  X:00DEH         SYMBOL        p
  -------         DO            
  X:00E1H         SYMBOL        x0
  -------         ENDDO         
  C:61B2H         LINE#         1460
  C:61C6H         LINE#         1461
  C:61C6H         LINE#         1462
  C:61D2H         LINE#         1463
  C:61DEH         LINE#         1464
  C:61F2H         LINE#         1465
  C:6212H         LINE#         1466
  C:6212H         LINE#         1467
  C:6245H         LINE#         1468
  C:625BH         LINE#         1469
  C:6275H         LINE#         1470
  C:6289H         LINE#         1471
  C:6293H         LINE#         1472
  C:6296H         LINE#         1473
  -------         ENDPROC       _LCD_SHOWSTRING
  -------         PROC          _LCD_SHOWFONTHZ
  X:0377H         SYMBOL        x
  X:0379H         SYMBOL        y
  X:037BH         SYMBOL        cn
  -------         DO            
  D:0003H         SYMBOL        i
  D:0002H         SYMBOL        j
  X:037EH         SYMBOL        wordNum
  X:037FH         SYMBOL        color
  -------         ENDDO         
  C:5735H         LINE#         1486
  C:574CH         LINE#         1487
  C:574CH         LINE#         1490
  C:575FH         LINE#         1491
  C:575FH         LINE#         1492
  C:5795H         LINE#         1493
  C:57ABH         LINE#         1494
  C:57ABH         LINE#         1495
  C:57EFH         LINE#         1497
  C:57EFH         LINE#         1499
  C:57FAH         LINE#         1500
  C:57FAH         LINE#         1501
  C:5821H         LINE#         1502
  C:582DH         LINE#         1503
  C:582DH         LINE#         1504
  C:5834H         LINE#         1505
  C:5834H         LINE#         1506
  C:5837H         LINE#         1507
  C:5839H         LINE#         1509
  C:5839H         LINE#         1510
  C:583FH         LINE#         1511
  C:583FH         LINE#         1512
  C:584CH         LINE#         1513
  C:584FH         LINE#         1514
  C:5852H         LINE#         1515
  C:5852H         LINE#         1516
  C:585BH         LINE#         1517
  C:5865H         LINE#         1518
BL51 BANKED LINKER/LOCATER V6.22.2.0                                                  01/14/2022  13:18:28  PAGE 24


  C:5873H         LINE#         1519
  C:5876H         LINE#         1520
  -------         ENDPROC       _LCD_SHOWFONTHZ
  -------         PROC          _LCD_SHOWPICTURE
  X:026DH         SYMBOL        x
  X:026FH         SYMBOL        y
  X:0271H         SYMBOL        wide
  X:0273H         SYMBOL        high
  X:0275H         SYMBOL        pic
  -------         DO            
  X:0278H         SYMBOL        temp
  X:027AH         SYMBOL        tmp
  X:027EH         SYMBOL        num
  -------         ENDDO         
  C:5877H         LINE#         1574
  C:588BH         LINE#         1575
  C:588BH         LINE#         1576
  C:5892H         LINE#         1577
  C:58A4H         LINE#         1578
  C:58EBH         LINE#         1579
  C:590EH         LINE#         1581
  C:590EH         LINE#         1582
  C:593BH         LINE#         1583
  C:5944H         LINE#         1584
  C:595EH         LINE#         1585
  C:5961H         LINE#         1586
  C:597EH         LINE#         1587
  C:597EH         LINE#         1588
  C:59A3H         LINE#         1589
  -------         ENDPROC       _LCD_SHOWPICTURE
  -------         ENDMOD        TFTLCD

  -------         MODULE        GUI
  C:0000H         SYMBOL        _ICE_DUMMY_
  C:6FFFH         PUBLIC        _gui_pow
  D:0090H         PUBLIC        P1
  D:00A0H         PUBLIC        P2
  D:00B0H         PUBLIC        P3
  C:6825H         PUBLIC        _gui_num2str
  C:3DAAH         PUBLIC        _gui_show_ptstr
  D:00A8H         PUBLIC        IE
  C:5198H         PUBLIC        _gui_get_stringline
  D:00B8H         PUBLIC        IP
  C:5EE1H         PUBLIC        _gui_draw_bigpoint
  C:4FD5H         PUBLIC        _gui_show_num
  C:6E52H         PUBLIC        _gui_disabs
  C:38F8H         PUBLIC        _gui_fill_ellipse
  C:2A8DH         PUBLIC        _gui_fill_circle
  C:22BFH         PUBLIC        _gui_draw_ellipse
  C:1C0CH         PUBLIC        _gui_draw_arcrectangle
  D:0098H         PUBLIC        SCON
  C:5DEAH         PUBLIC        _gui_alphablend_area
  D:0088H         PUBLIC        TCON
  C:60C5H         PUBLIC        _gui_alpha_blend565
  C:7114H         PUBLIC        _gui_rgb332torgb565
  C:66DDH         PUBLIC        _gui_draw_expoint
  C:368CH         PUBLIC        _gui_draw_bline
BL51 BANKED LINKER/LOCATER V6.22.2.0                                                  01/14/2022  13:18:28  PAGE 25


  C:4A3DH         PUBLIC        _gui_smooth_color
  C:6D64H         PUBLIC        _gui_draw_hline
  C:3B54H         PUBLIC        _gui_show_ptchar
  C:6A3DH         PUBLIC        _gui_draw_vline
  C:6CE4H         PUBLIC        _gui_color_chg
  C:55EFH         PUBLIC        _gui_show_strmid
  C:54A8H         PUBLIC        _gui_fill_colorblock
  C:446EH         PUBLIC        _gui_draw_line
  C:7150H         PUBLIC        _gui_draw_point
  C:343EH         PUBLIC        _gui_draw_circle8
  C:4237H         PUBLIC        _gui_show_string
  D:00C8H         PUBLIC        T2CON
  C:6BEDH         PUBLIC        _gui_fill_rectangle
  C:4E1AH         PUBLIC        _gui_draw_arc
  C:5BE6H         PUBLIC        _gui_draw_smooth_rectangle
  C:65DDH         PUBLIC        _gui_draw_rectangle
  C:26C3H         PUBLIC        _gui_draw_bline1
  D:00D0H         PUBLIC        PSW
  C:6373H         PUBLIC        _gui_show_ptstrwhiterim
  -------         PROC          _GUI_COLOR_CHG
  X:039AH         SYMBOL        rgb
  -------         DO            
  X:039EH         SYMBOL        r
  X:03A0H         SYMBOL        g
  D:0004H         SYMBOL        b
  -------         ENDDO         
  C:6CE4H         LINE#         15
  C:6CEAH         LINE#         16
  C:6CEAH         LINE#         18
  C:6D03H         LINE#         19
  C:6D22H         LINE#         20
  C:6D3DH         LINE#         21
  C:6D63H         LINE#         22
  -------         ENDPROC       _GUI_COLOR_CHG
  -------         PROC          _GUI_RGB332TORGB565
  D:0004H         SYMBOL        rgb332
  -------         DO            
  D:0002H         SYMBOL        rgb565
  -------         ENDDO         
  C:7114H         LINE#         26
  C:7118H         LINE#         27
  C:7118H         LINE#         28
  C:711CH         LINE#         29
  C:7131H         LINE#         30
  C:7146H         LINE#         31
  C:714CH         LINE#         32
  C:714FH         LINE#         33
  -------         ENDPROC       _GUI_RGB332TORGB565
  -------         PROC          _GUI_POW
  X:03B6H         SYMBOL        m
  X:03B7H         SYMBOL        n
  -------         DO            
  X:03B8H         SYMBOL        result
  -------         ENDDO         
  C:6FFFH         LINE#         35
  C:7007H         LINE#         36
  C:7007H         LINE#         37
BL51 BANKED LINKER/LOCATER V6.22.2.0                                                  01/14/2022  13:18:28  PAGE 26


  C:700FH         LINE#         38
  C:7039H         LINE#         39
  C:7047H         LINE#         40
  -------         ENDPROC       _GUI_POW
  -------         PROC          _GUI_DISABS
  X:03A2H         SYMBOL        x1
  X:03A6H         SYMBOL        x2
  C:6E52H         LINE#         42
  C:6E58H         LINE#         43
  C:6E58H         LINE#         44
  C:6EBCH         LINE#         45
  -------         ENDPROC       _GUI_DISABS
  -------         PROC          _GUI_DRAW_POINT
  X:03BCH         SYMBOL        x0
  D:0004H         SYMBOL        y0
  D:0002H         SYMBOL        color
  -------         DO            
  X:03BEH         SYMBOL        tempcolor
  -------         ENDDO         
  C:7150H         LINE#         51
  C:7158H         LINE#         52
  C:7158H         LINE#         53
  C:7167H         LINE#         54
  C:7171H         LINE#         55
  C:717CH         LINE#         56
  C:718BH         LINE#         57
  -------         ENDPROC       _GUI_DRAW_POINT
  -------         PROC          _GUI_ALPHABLEND_AREA
  X:02DEH         SYMBOL        x
  X:02E0H         SYMBOL        y
  X:02E2H         SYMBOL        width
  X:02E4H         SYMBOL        height
  X:02E6H         SYMBOL        color
  X:02E8H         SYMBOL        aval
  -------         DO            
  X:02E9H         SYMBOL        i
  X:02EBH         SYMBOL        j
  X:02EDH         SYMBOL        tempcolor
  -------         ENDDO         
  C:5DEAH         LINE#         63
  C:5DFEH         LINE#         64
  C:5DFEH         LINE#         67
  C:5E1DH         LINE#         68
  C:5E1DH         LINE#         69
  C:5E3CH         LINE#         70
  C:5E3CH         LINE#         71
  C:5E6FH         LINE#         72
  C:5E85H         LINE#         73
  C:5EB8H         LINE#         74
  C:5ECCH         LINE#         75
  C:5EE0H         LINE#         76
  -------         ENDPROC       _GUI_ALPHABLEND_AREA
  -------         PROC          _GUI_DRAW_BIGPOINT
  X:032DH         SYMBOL        x0
  X:032FH         SYMBOL        y0
  X:0331H         SYMBOL        color
  -------         DO            
BL51 BANKED LINKER/LOCATER V6.22.2.0                                                  01/14/2022  13:18:28  PAGE 27


  X:0333H         SYMBOL        i
  X:0335H         SYMBOL        j
  X:0337H         SYMBOL        x
  X:0339H         SYMBOL        y
  -------         ENDDO         
  C:5EE1H         LINE#         82
  C:5EF7H         LINE#         83
  C:5EF7H         LINE#         86
  C:5F12H         LINE#         87
  C:5F21H         LINE#         88
  C:5F3DH         LINE#         89
  C:5F4CH         LINE#         90
  C:5F76H         LINE#         91
  C:5F76H         LINE#         92
  C:5FC4H         LINE#         93
  C:5FD4H         LINE#         94
  -------         ENDPROC       _GUI_DRAW_BIGPOINT
  -------         PROC          _GUI_DRAW_LINE
  X:019EH         SYMBOL        x0
  X:01A0H         SYMBOL        y0
  D:0002H         SYMBOL        x1
  X:01A4H         SYMBOL        y1
  X:01A6H         SYMBOL        color
  -------         DO            
  X:01A8H         SYMBOL        t
  X:01AAH         SYMBOL        xerr
  X:01ACH         SYMBOL        yerr
  X:01AEH         SYMBOL        delta_x
  X:01B0H         SYMBOL        delta_y
  X:01B2H         SYMBOL        distance
  X:01B4H         SYMBOL        incx
  X:01B6H         SYMBOL        incy
  X:01B8H         SYMBOL        uRow
  X:01BAH         SYMBOL        uCol
  -------         ENDDO         
  C:446EH         LINE#         98
  C:447CH         LINE#         99
  C:447CH         LINE#         101
  C:4487H         LINE#         104
  C:449CH         LINE#         105
  C:44B7H         LINE#         106
  C:44C6H         LINE#         107
  C:44CCH         LINE#         108
  C:44E8H         LINE#         109
  C:44F4H         LINE#         110
  C:4509H         LINE#         111
  C:4525H         LINE#         112
  C:4531H         LINE#         113
  C:4546H         LINE#         114
  C:456CH         LINE#         115
  C:4571H         LINE#         116
  C:4596H         LINE#         117
  C:4596H         LINE#         118
  C:45AFH         LINE#         119
  C:45C3H         LINE#         120
  C:45D7H         LINE#         121
  C:45F3H         LINE#         122
BL51 BANKED LINKER/LOCATER V6.22.2.0                                                  01/14/2022  13:18:28  PAGE 28


  C:45F3H         LINE#         123
  C:45FFH         LINE#         124
  C:4613H         LINE#         125
  C:4613H         LINE#         126
  C:462FH         LINE#         127
  C:462FH         LINE#         128
  C:463BH         LINE#         129
  C:464FH         LINE#         130
  C:464FH         LINE#         131
  C:4660H         LINE#         132
  -------         ENDPROC       _GUI_DRAW_LINE
  -------         PROC          _GUI_DRAW_BLINE
  X:0142H         SYMBOL        x1
  X:0144H         SYMBOL        y1
  X:0146H         SYMBOL        x2
  X:0148H         SYMBOL        y2
  X:014AH         SYMBOL        size
  X:014BH         SYMBOL        color
  -------         DO            
  X:014DH         SYMBOL        t
  X:014FH         SYMBOL        xerr
  X:0151H         SYMBOL        yerr
  X:0153H         SYMBOL        delta_x
  X:0155H         SYMBOL        delta_y
  X:0157H         SYMBOL        distance
  X:0159H         SYMBOL        incx
  X:015BH         SYMBOL        incy
  X:015DH         SYMBOL        uRow
  X:015FH         SYMBOL        uCol
  -------         ENDDO         
  C:368CH         LINE#         137
  C:36A0H         LINE#         138
  C:36A0H         LINE#         140
  C:36ABH         LINE#         142
  C:36F0H         LINE#         143
  C:3709H         LINE#         144
  C:3724H         LINE#         145
  C:373FH         LINE#         146
  C:3747H         LINE#         147
  C:3755H         LINE#         148
  C:3771H         LINE#         149
  C:377DH         LINE#         150
  C:3792H         LINE#         151
  C:37AEH         LINE#         152
  C:37BAH         LINE#         153
  C:37CFH         LINE#         154
  C:37F5H         LINE#         155
  C:37FAH         LINE#         156
  C:381FH         LINE#         157
  C:381FH         LINE#         158
  C:3846H         LINE#         159
  C:385AH         LINE#         160
  C:386EH         LINE#         161
  C:38AAH         LINE#         162
  C:38E6H         LINE#         163
  C:38F7H         LINE#         164
  -------         ENDPROC       _GUI_DRAW_BLINE
BL51 BANKED LINKER/LOCATER V6.22.2.0                                                  01/14/2022  13:18:28  PAGE 29


  -------         PROC          _GUI_DRAW_BLINE1
  X:0161H         SYMBOL        x0
  X:0163H         SYMBOL        y0
  D:0002H         SYMBOL        x1
  X:0167H         SYMBOL        y1
  X:0169H         SYMBOL        size
  X:016AH         SYMBOL        color
  -------         DO            
  X:016CH         SYMBOL        t
  X:016EH         SYMBOL        xerr
  X:0170H         SYMBOL        yerr
  X:0172H         SYMBOL        delta_x
  X:0174H         SYMBOL        delta_y
  X:0176H         SYMBOL        distance
  X:0178H         SYMBOL        incx
  X:017AH         SYMBOL        incy
  X:017CH         SYMBOL        uRow
  X:017EH         SYMBOL        uCol
  -------         ENDDO         
  C:26C3H         LINE#         170
  C:26D1H         LINE#         171
  C:26D1H         LINE#         173
  C:26DCH         LINE#         176
  C:26F1H         LINE#         177
  C:270CH         LINE#         178
  C:271BH         LINE#         179
  C:2721H         LINE#         180
  C:273DH         LINE#         181
  C:2749H         LINE#         182
  C:275EH         LINE#         183
  C:277AH         LINE#         184
  C:2786H         LINE#         185
  C:279BH         LINE#         186
  C:27C1H         LINE#         187
  C:27C6H         LINE#         188
  C:27EBH         LINE#         189
  C:27EBH         LINE#         190
  C:280AH         LINE#         191
  C:2815H         LINE#         192
  C:2815H         LINE#         193
  C:282EH         LINE#         194
  C:284FH         LINE#         195
  C:2870H         LINE#         196
  C:2897H         LINE#         197
  C:2897H         LINE#         198
  C:28A2H         LINE#         199
  C:28A2H         LINE#         200
  C:28BBH         LINE#         201
  C:28DCH         LINE#         202
  C:28FDH         LINE#         203
  C:2924H         LINE#         204
  C:294BH         LINE#         205
  C:2972H         LINE#         206
  C:2999H         LINE#         207
  C:29BAH         LINE#         208
  C:29DBH         LINE#         209
  C:29DBH         LINE#         210
BL51 BANKED LINKER/LOCATER V6.22.2.0                                                  01/14/2022  13:18:28  PAGE 30


  C:29EFH         LINE#         211
  C:2A03H         LINE#         212
  C:2A1FH         LINE#         213
  C:2A1FH         LINE#         214
  C:2A2BH         LINE#         215
  C:2A3FH         LINE#         216
  C:2A3FH         LINE#         217
  C:2A5BH         LINE#         218
  C:2A5BH         LINE#         219
  C:2A67H         LINE#         220
  C:2A7BH         LINE#         221
  C:2A7BH         LINE#         222
  C:2A8CH         LINE#         223
  -------         ENDPROC       _GUI_DRAW_BLINE1
  C:6A38H         SYMBOL        L?0318
  -------         PROC          L?0317
  -------         ENDPROC       L?0317
  C:6A38H         SYMBOL        L?0318
  -------         PROC          _GUI_DRAW_VLINE
  X:00DDH         SYMBOL        x0
  X:00DFH         SYMBOL        y0
  X:00E1H         SYMBOL        len
  X:00E3H         SYMBOL        color
  C:6A3DH         LINE#         228
  C:6A51H         LINE#         229
  C:6A51H         LINE#         230
  C:6A7FH         LINE#         231
  C:6ABBH         LINE#         232
  -------         ENDPROC       _GUI_DRAW_VLINE
  -------         PROC          _GUI_DRAW_HLINE
  X:00DDH         SYMBOL        x0
  X:00DFH         SYMBOL        y0
  D:0002H         SYMBOL        len
  X:00E3H         SYMBOL        color
  C:6D64H         LINE#         237
  C:6D72H         LINE#         238
  C:6D72H         LINE#         239
  C:6DA0H         LINE#         240
  C:6DDEH         LINE#         241
  -------         ENDPROC       _GUI_DRAW_HLINE
  -------         PROC          _GUI_FILL_COLORBLOCK
  X:033BH         SYMBOL        x0
  X:033DH         SYMBOL        y0
  X:033FH         SYMBOL        width
  X:0341H         SYMBOL        height
  X:0343H         SYMBOL        ctbl
  X:0346H         SYMBOL        mode
  -------         DO            
  X:0347H         SYMBOL        i
  -------         ENDDO         
  C:54A8H         LINE#         248
  C:54BCH         LINE#         249
  C:54BCH         LINE#         251
  C:54D4H         LINE#         252
  C:54DEH         LINE#         253
  C:54DEH         LINE#         254
  C:54FCH         LINE#         255
BL51 BANKED LINKER/LOCATER V6.22.2.0                                                  01/14/2022  13:18:28  PAGE 31


  C:54FCH         LINE#         256
  C:555AH         LINE#         257
  C:556BH         LINE#         258
  C:556BH         LINE#         259
  C:556BH         LINE#         260
  C:5588H         LINE#         261
  C:5588H         LINE#         262
  C:55DEH         LINE#         263
  C:55EEH         LINE#         264
  C:55EEH         LINE#         265
  -------         ENDPROC       _GUI_FILL_COLORBLOCK
  -------         PROC          _GUI_SMOOTH_COLOR
  X:01BCH         SYMBOL        srgb
  X:01C0H         SYMBOL        ergb
  X:01C4H         SYMBOL        cbuf
  X:01C7H         SYMBOL        len
  -------         DO            
  X:01C9H         SYMBOL        sr
  X:01CAH         SYMBOL        sg
  X:01CBH         SYMBOL        sb
  X:01CCH         SYMBOL        dr
  X:01CEH         SYMBOL        dg
  X:01D0H         SYMBOL        db
  X:01D2H         SYMBOL        r
  X:01D4H         SYMBOL        g
  X:01D6H         SYMBOL        b
  X:01D8H         SYMBOL        i
  -------         ENDDO         
  C:4A3DH         LINE#         271
  C:4A43H         LINE#         272
  C:4A43H         LINE#         276
  C:4A4AH         LINE#         277
  C:4A63H         LINE#         278
  C:4A7CH         LINE#         279
  C:4A8BH         LINE#         280
  C:4AAEH         LINE#         281
  C:4AD1H         LINE#         282
  C:4AE9H         LINE#         283
  C:4B08H         LINE#         284
  C:4B08H         LINE#         285
  C:4B36H         LINE#         286
  C:4B61H         LINE#         287
  C:4B8CH         LINE#         288
  C:4BA2H         LINE#         289
  C:4BB8H         LINE#         290
  C:4BCEH         LINE#         291
  C:4C14H         LINE#         292
  C:4C25H         LINE#         293
  -------         ENDPROC       _GUI_SMOOTH_COLOR
  -------         PROC          _GUI_DRAW_SMOOTH_RECTANGLE
  X:0240H         SYMBOL        x
  X:0242H         SYMBOL        y
  X:0244H         SYMBOL        width
  X:0246H         SYMBOL        height
  X:0248H         SYMBOL        srgb
  X:024CH         SYMBOL        ergb
  -------         DO            
BL51 BANKED LINKER/LOCATER V6.22.2.0                                                  01/14/2022  13:18:28  PAGE 32


  X:0250H         SYMBOL        i
  X:0252H         SYMBOL        j
  X:0254H         SYMBOL        colortbl
  -------         ENDDO         
  C:5BE6H         LINE#         298
  C:5BFAH         LINE#         299
  C:5BFAH         LINE#         303
  C:5C43H         LINE#         304
  C:5C62H         LINE#         305
  C:5C62H         LINE#         306
  C:5C7EH         LINE#         307
  C:5C7EH         LINE#         308
  C:5CCDH         LINE#         309
  C:5CDDH         LINE#         310
  C:5CF1H         LINE#         311
  -------         ENDPROC       _GUI_DRAW_SMOOTH_RECTANGLE
  -------         PROC          _GUI_DRAW_RECTANGLE
  X:00D3H         SYMBOL        x0
  X:00D5H         SYMBOL        y0
  X:00D7H         SYMBOL        width
  X:00D9H         SYMBOL        height
  X:00DBH         SYMBOL        color
  C:65DDH         LINE#         317
  C:65F1H         LINE#         318
  C:65F1H         LINE#         319
  C:6607H         LINE#         320
  C:6644H         LINE#         321
  C:6667H         LINE#         322
  -------         ENDPROC       _GUI_DRAW_RECTANGLE
  -------         PROC          _GUI_DRAW_ARCRECTANGLE
  X:02EFH         SYMBOL        x
  X:02F1H         SYMBOL        y
  X:02F3H         SYMBOL        width
  X:02F5H         SYMBOL        height
  X:02F7H         SYMBOL        r
  X:02F8H         SYMBOL        mode
  X:02F9H         SYMBOL        upcolor
  X:02FBH         SYMBOL        downcolor
  -------         DO            
  X:02FDH         SYMBOL        btnxh
  -------         ENDDO         
  C:1C0CH         LINE#         330
  C:1C20H         LINE#         331
  C:1C20H         LINE#         332
  C:1C27H         LINE#         333
  C:1C3BH         LINE#         334
  C:1C4AH         LINE#         335
  C:1C56H         LINE#         336
  C:1C56H         LINE#         337
  C:1CAAH         LINE#         338
  C:1D14H         LINE#         339
  C:1D4BH         LINE#         340
  C:1D8DH         LINE#         341
  C:1DF7H         LINE#         342
  C:1E68H         LINE#         343
  C:1E6BH         LINE#         344
  C:1E6BH         LINE#         345
BL51 BANKED LINKER/LOCATER V6.22.2.0                                                  01/14/2022  13:18:28  PAGE 33


  C:1EADH         LINE#         346
  C:1F08H         LINE#         347
  C:1F30H         LINE#         348
  C:1F64H         LINE#         349
  C:1FBBH         LINE#         350
  C:201EH         LINE#         351
  C:201EH         LINE#         352
  C:2080H         LINE#         353
  C:211FH         LINE#         354
  C:21CBH         LINE#         355
  -------         ENDPROC       _GUI_DRAW_ARCRECTANGLE
  -------         PROC          L?0319
  -------         ENDPROC       L?0319
  -------         PROC          _GUI_FILL_RECTANGLE
  X:00D5H         SYMBOL        x0
  X:00D7H         SYMBOL        y0
  D:0002H         SYMBOL        width
  X:00DBH         SYMBOL        height
  X:00DDH         SYMBOL        color
  C:6BEDH         LINE#         362
  C:6BFBH         LINE#         363
  C:6BFBH         LINE#         364
  C:6C09H         LINE#         365
  C:6C62H         LINE#         366
  -------         ENDPROC       _GUI_FILL_RECTANGLE
  -------         PROC          _GUI_FILL_CIRCLE
  X:0228H         SYMBOL        x0
  X:022AH         SYMBOL        y0
  X:022CH         SYMBOL        r
  X:022EH         SYMBOL        color
  -------         DO            
  X:0230H         SYMBOL        i
  X:0234H         SYMBOL        imax
  X:0238H         SYMBOL        sqmax
  X:023CH         SYMBOL        x
  -------         ENDDO         
  C:2A8DH         LINE#         371
  C:2AA1H         LINE#         372
  C:2AA1H         LINE#         374
  C:2ACDH         LINE#         375
  C:2B15H         LINE#         376
  C:2B29H         LINE#         377
  C:2B61H         LINE#         378
  C:2B90H         LINE#         379
  C:2B90H         LINE#         380
  C:2BF3H         LINE#         381
[...]


  C:6190H         LINE#         525
  C:61B1H         LINE#         526
  -------         ENDPROC       _GUI_ALPHA_BLEND565
  -------         PROC          _GUI_SHOW_STRMID
  X:02BAH         SYMBOL        x
  X:02BCH         SYMBOL        y
  X:02BEH         SYMBOL        width
  X:02C0H         SYMBOL        height
  X:02C2H         SYMBOL        color
  X:02C4H         SYMBOL        size
  X:02C5H         SYMBOL        str
  -------         DO            
  X:02C8H         SYMBOL        xoff
  X:02CAH         SYMBOL        yoff
  D:0004H         SYMBOL        strlenth
  D:0004H         SYMBOL        strwidth
  -------         ENDDO         
  C:55EFH         LINE#         533
  C:5603H         LINE#         534
  C:5603H         LINE#         535
  C:560EH         LINE#         538
  C:561CH         LINE#         539
  C:562CH         LINE#         540
  C:5640H         LINE#         541
  C:5665H         LINE#         542
  C:5672H         LINE#         543
  C:5672H         LINE#         544
  C:5689H         LINE#         545
  C:5689H         LINE#         546
  C:5734H         LINE#         547
  -------         ENDPROC       _GUI_SHOW_STRMID
  -------         PROC          _GUI_SHOW_PTCHAR
  X:020FH         SYMBOL        x
  X:0211H         SYMBOL        y
  X:0213H         SYMBOL        xend
  X:0215H         SYMBOL        yend
  X:0217H         SYMBOL        offset
  X:0219H         SYMBOL        color
  X:021BH         SYMBOL        size
  X:021DH         SYMBOL        chr
  X:021EH         SYMBOL        mode
  -------         DO            
  X:021FH         SYMBOL        temp
  X:0220H         SYMBOL        t1
  X:0221H         SYMBOL        t
  X:0222H         SYMBOL        tempoff
  X:0224H         SYMBOL        y0
  X:0226H         SYMBOL        csize
  -------         ENDDO         
  C:3B54H         LINE#         557
  C:3B6CH         LINE#         558
  C:3B6CH         LINE#         562
  C:3B74H         LINE#         563
  C:3BB5H         LINE#         564
  C:3BC4H         LINE#         565
  C:3BC9H         LINE#         566
  C:3BE5H         LINE#         567
BL51 BANKED LINKER/LOCATER V6.22.2.0                                                  01/14/2022  13:18:28  PAGE 38


  C:3BE5H         LINE#         568
  C:3C03H         LINE#         569
  C:3C03H         LINE#         570
  C:3C03H         LINE#         571
  C:3C13H         LINE#         572
  C:3C15H         LINE#         573
  C:3C15H         LINE#         574
  C:3C2AH         LINE#         575
  C:3C2CH         LINE#         576
  C:3C2CH         LINE#         577
  C:3C53H         LINE#         578
  C:3C53H         LINE#         579
  C:3C53H         LINE#         581
  C:3C53H         LINE#         582
  C:3C62H         LINE#         583
  C:3C7AH         LINE#         584
  C:3C87H         LINE#         585
  C:3C87H         LINE#         586
  C:3C9BH         LINE#         587
  C:3C9BH         LINE#         588
  C:3CB0H         LINE#         589
  C:3CB0H         LINE#         590
  C:3CB7H         LINE#         591
  C:3CB7H         LINE#         592
  C:3CD4H         LINE#         593
  C:3CE2H         LINE#         594
  C:3D03H         LINE#         595
  C:3D03H         LINE#         596
  C:3D0AH         LINE#         597
  C:3D18H         LINE#         598
  C:3D39H         LINE#         599
  C:3D39H         LINE#         600
  C:3D41H         LINE#         601
  C:3D4FH         LINE#         602
  C:3D51H         LINE#         603
  C:3D51H         LINE#         604
  C:3D5AH         LINE#         605
  C:3D5AH         LINE#         606
  C:3D5AH         LINE#         607
  C:3D68H         LINE#         608
  C:3D8AH         LINE#         609
  C:3D8AH         LINE#         610
  C:3D92H         LINE#         611
  C:3DA0H         LINE#         612
  C:3DA0H         LINE#         613
  C:3DA0H         LINE#         614
  C:3DA9H         LINE#         615
  -------         ENDPROC       _GUI_SHOW_PTCHAR
  -------         PROC          _GUI_SHOW_NUM
  X:030FH         SYMBOL        x
  X:0311H         SYMBOL        y
  X:0313H         SYMBOL        len
  X:0314H         SYMBOL        color
  X:0316H         SYMBOL        size
  X:0317H         SYMBOL        num
  X:031BH         SYMBOL        mode
  -------         DO            
BL51 BANKED LINKER/LOCATER V6.22.2.0                                                  01/14/2022  13:18:28  PAGE 39


  X:031CH         SYMBOL        t
  X:031DH         SYMBOL        temp
  X:031EH         SYMBOL        enshow
  -------         ENDDO         
  C:4FD5H         LINE#         626
  C:4FE6H         LINE#         627
  C:4FE6H         LINE#         629
  C:4FEBH         LINE#         630
  C:5000H         LINE#         631
  C:5000H         LINE#         632
  C:5031H         LINE#         633
  C:504AH         LINE#         634
  C:504AH         LINE#         635
  C:5051H         LINE#         636
  C:5051H         LINE#         637
  C:50B3H         LINE#         638
  C:510FH         LINE#         639
  C:5111H         LINE#         640
  C:5117H         LINE#         642
  C:5117H         LINE#         643
  C:518EH         LINE#         644
  C:5197H         LINE#         645
  -------         ENDPROC       _GUI_SHOW_NUM
  -------         PROC          _GUI_NUM2STR
  X:0381H         SYMBOL        str
  X:0384H         SYMBOL        num
  -------         DO            
  X:0388H         SYMBOL        t
  D:0007H         SYMBOL        temp
  X:0389H         SYMBOL        enrec
  -------         ENDDO         
  C:6825H         LINE#         650
  C:6834H         LINE#         651
  C:6834H         LINE#         653
  C:6839H         LINE#         654
  C:684BH         LINE#         655
  C:684BH         LINE#         656
  C:6879H         LINE#         657
  C:688CH         LINE#         658
  C:688CH         LINE#         659
  C:688FH         LINE#         660
  C:6893H         LINE#         661
  C:6893H         LINE#         662
  C:68A6H         LINE#         663
  C:68B0H         LINE#         664
  C:68B8H         LINE#         665
  C:68C7H         LINE#         666
  C:68D2H         LINE#         667
  -------         ENDPROC       _GUI_NUM2STR
  -------         PROC          _GUI_SHOW_PTSTR
  X:0295H         SYMBOL        x
  X:0297H         SYMBOL        y
  X:0299H         SYMBOL        xend
  X:029BH         SYMBOL        yend
  X:029DH         SYMBOL        offset
  X:029FH         SYMBOL        color
  X:02A1H         SYMBOL        size
BL51 BANKED LINKER/LOCATER V6.22.2.0                                                  01/14/2022  13:18:28  PAGE 40


  X:02A2H         SYMBOL        str
  X:02A5H         SYMBOL        mode
  -------         DO            
  X:02A6H         SYMBOL        bHz
  X:02A7H         SYMBOL        EnDisp
  -------         ENDDO         
  C:3DAAH         LINE#         677
  C:3DBEH         LINE#         678
  C:3DBEH         LINE#         679
  C:3DC3H         LINE#         680
  C:3DC5H         LINE#         681
  C:3DD9H         LINE#         682
  C:3DD9H         LINE#         683
  C:3DE2H         LINE#         684
  C:3DE2H         LINE#         685
  C:3DF1H         LINE#         687
  C:3DF1H         LINE#         688
  C:3DF7H         LINE#         689
  C:3DF7H         LINE#         690
  C:3E0EH         LINE#         691
  C:3E0EH         LINE#         692
  C:3E1BH         LINE#         693
  C:3E1DH         LINE#         694
  C:3E1DH         LINE#         695
  C:3E34H         LINE#         696
  C:3E3AH         LINE#         697
  C:3E3AH         LINE#         698
  C:3E3AH         LINE#         699
  C:3E45H         LINE#         700
  C:3E45H         LINE#         701
  C:3EB2H         LINE#         702
  C:3EE5H         LINE#         703
  C:3EEDH         LINE#         704
  C:3EF8H         LINE#         705
  C:3EF8H         LINE#         706
  C:3F05H         LINE#         707
  C:3F0CH         LINE#         708
  C:3F0CH         LINE#         709
  C:3F0CH         LINE#         710
  C:3F24H         LINE#         711
  C:3F2BH         LINE#         712
  C:3F2BH         LINE#         713
  C:3F2EH         LINE#         714
  C:3F2EH         LINE#         715
  C:3F33H         LINE#         716
  C:3F37H         LINE#         717
  C:3F37H         LINE#         718
  C:3F4CH         LINE#         719
  C:3F4CH         LINE#         720
  C:3F59H         LINE#         721
  C:3F5BH         LINE#         722
  C:3F5BH         LINE#         723
  C:3F72H         LINE#         724
  C:3F78H         LINE#         725
  C:3F78H         LINE#         726
  C:3F78H         LINE#         727
  C:3F7EH         LINE#         728
BL51 BANKED LINKER/LOCATER V6.22.2.0                                                  01/14/2022  13:18:28  PAGE 41


  C:3F7EH         LINE#         730
  C:3FAFH         LINE#         731
  C:3FB7H         LINE#         732
  C:3FC2H         LINE#         733
  C:3FC2H         LINE#         734
  C:3FCFH         LINE#         735
  C:3FD6H         LINE#         736
  C:3FD6H         LINE#         737
  C:3FD6H         LINE#         738
  C:3FEBH         LINE#         739
  C:3FF5H         LINE#         740
  C:3FF5H         LINE#         741
  C:3FF8H         LINE#         742
  -------         ENDPROC       _GUI_SHOW_PTSTR
  -------         PROC          _GUI_SHOW_PTSTRWHITERIM
  X:02CCH         SYMBOL        x
  X:02CEH         SYMBOL        y
  X:02D0H         SYMBOL        xend
  X:02D2H         SYMBOL        yend
  X:02D4H         SYMBOL        offset
  X:02D6H         SYMBOL        color
  X:02D8H         SYMBOL        rimcolor
  X:02DAH         SYMBOL        size
  X:02DBH         SYMBOL        str
  C:6373H         LINE#         752
  C:6387H         LINE#         753
  C:6387H         LINE#         754
  C:63DEH         LINE#         755
  -------         ENDPROC       _GUI_SHOW_PTSTRWHITERIM
  -------         PROC          _GUI_GET_STRINGLINE
  X:0356H         SYMBOL        str
  X:0359H         SYMBOL        linelenth
  X:035BH         SYMBOL        font
  -------         DO            
  X:035CH         SYMBOL        xpos
  X:035EH         SYMBOL        lincnt
  -------         ENDDO         
  C:5198H         LINE#         763
  C:51ABH         LINE#         764
  C:51ABH         LINE#         765
  C:51B2H         LINE#         766
  C:51BAH         LINE#         767
  C:51D0H         LINE#         768
  C:5200H         LINE#         769
  C:5200H         LINE#         770
  C:5225H         LINE#         771
  C:5225H         LINE#         772
  C:5234H         LINE#         773
  C:523BH         LINE#         774
  C:525AH         LINE#         775
  C:5261H         LINE#         776
  C:527FH         LINE#         777
  C:527FH         LINE#         778
  C:5292H         LINE#         779
  C:529CH         LINE#         780
  C:52B4H         LINE#         781
  C:52B4H         LINE#         782
BL51 BANKED LINKER/LOCATER V6.22.2.0                                                  01/14/2022  13:18:28  PAGE 42


  C:52B4H         LINE#         783
  C:52B4H         LINE#         784
  C:52B4H         LINE#         785
  C:52B6H         LINE#         786
  C:52B6H         LINE#         787
  C:52CBH         LINE#         788
  C:52D5H         LINE#         789
  C:52EDH         LINE#         790
  C:52EDH         LINE#         791
  C:52F2H         LINE#         792
  C:530FH         LINE#         793
  C:530FH         LINE#         794
  C:530FH         LINE#         795
  C:5312H         LINE#         796
  C:5320H         LINE#         797
  -------         ENDPROC       _GUI_GET_STRINGLINE
  -------         PROC          _GUI_SHOW_STRING
  X:0257H         SYMBOL        str
  X:025AH         SYMBOL        x
  X:025CH         SYMBOL        y
  X:025EH         SYMBOL        width
  X:0260H         SYMBOL        height
  X:0262H         SYMBOL        font
  X:0263H         SYMBOL        fcolor
  -------         DO            
  X:0265H         SYMBOL        xpos
  X:0267H         SYMBOL        ypos
  X:0269H         SYMBOL        endx
  X:026BH         SYMBOL        endy
  -------         ENDDO         
  C:4237H         LINE#         804
  C:4248H         LINE#         805
  C:4248H         LINE#         806
  C:4258H         LINE#         807
  C:4268H         LINE#         808
  C:4282H         LINE#         809
  C:429CH         LINE#         810
  C:42B4H         LINE#         811
  C:42C8H         LINE#         812
  C:42C8H         LINE#         813
  C:42DEH         LINE#         814
  C:42DEH         LINE#         815
  C:42EDH         LINE#         816
  C:42F4H         LINE#         817
  C:4303H         LINE#         818
  C:4315H         LINE#         819
  C:4333H         LINE#         820
  C:4333H         LINE#         821
  C:435BH         LINE#         822
  C:435BH         LINE#         823
  C:436AH         LINE#         824
  C:4376H         LINE#         825
  C:4376H         LINE#         827
  C:4388H         LINE#         828
  C:438FH         LINE#         830
  C:4392H         LINE#         831
  C:4392H         LINE#         832
BL51 BANKED LINKER/LOCATER V6.22.2.0                                                  01/14/2022  13:18:28  PAGE 43


  C:43BCH         LINE#         833
  C:43BCH         LINE#         834
  C:43CBH         LINE#         835
  C:43D8H         LINE#         836
  C:43D8H         LINE#         837
  C:4437H         LINE#         838
  C:444BH         LINE#         839
  C:4455H         LINE#         840
  C:4455H         LINE#         841
  C:446DH         LINE#         842
  C:446DH         LINE#         843
  -------         ENDPROC       _GUI_SHOW_STRING
  -------         ENDMOD        GUI

  -------         MODULE        ?C?CLDPTR
  C:2E2DH         PUBLIC        ?C?CLDPTR
  -------         ENDMOD        ?C?CLDPTR

  -------         MODULE        ?C?CLDOPTR
  C:2E46H         PUBLIC        ?C?CLDOPTR
  -------         ENDMOD        ?C?CLDOPTR

  -------         MODULE        ?C?CSTPTR
  C:2E73H         PUBLIC        ?C?CSTPTR
  -------         ENDMOD        ?C?CSTPTR

  -------         MODULE        ?C?IMUL
  C:2E85H         PUBLIC        ?C?IMUL
  -------         ENDMOD        ?C?IMUL

  -------         MODULE        ?C?UIDIV
  C:2E97H         PUBLIC        ?C?UIDIV
  -------         ENDMOD        ?C?UIDIV

  -------         MODULE        ?C?IILDX
  C:2EECH         PUBLIC        ?C?IILDX
  -------         ENDMOD        ?C?IILDX

  -------         MODULE        ?C?ILDIX
  C:2F02H         PUBLIC        ?C?ILDIX
  -------         ENDMOD        ?C?ILDIX

  -------         MODULE        ?C?ILDOPTR
  C:2F18H         PUBLIC        ?C?ILDOPTR
  -------         ENDMOD        ?C?ILDOPTR

  -------         MODULE        ?C?ISTOPTR
  C:2F50H         PUBLIC        ?C?ISTOPTR
  -------         ENDMOD        ?C?ISTOPTR

  -------         MODULE        ?C?LMUL
  C:2F7DH         PUBLIC        ?C?LMUL
  -------         ENDMOD        ?C?LMUL

  -------         MODULE        ?C?ULDIV
  C:3008H         PUBLIC        ?C?ULDIV
  -------         ENDMOD        ?C?ULDIV
BL51 BANKED LINKER/LOCATER V6.22.2.0                                                  01/14/2022  13:18:28  PAGE 44



  -------         MODULE        ?C?SLDIV
  C:7090H         PUBLIC        ?C?SLDIV
  -------         ENDMOD        ?C?SLDIV

  -------         MODULE        ?C?SLCMP
  C:309AH         PUBLIC        ?C?SLCMP
  -------         ENDMOD        ?C?SLCMP

  -------         MODULE        ?C?ULCMP
  C:30B0H         PUBLIC        ?C?ULCMP
  -------         ENDMOD        ?C?ULCMP

  -------         MODULE        ?C?ULSHR
  C:30C1H         PUBLIC        ?C?ULSHR
  -------         ENDMOD        ?C?ULSHR

  -------         MODULE        ?C?LSTXDATA
  C:30D4H         PUBLIC        ?C?LSTXDATA
  -------         ENDMOD        ?C?LSTXDATA

  -------         MODULE        ?C?LSTKXDATA
  C:30E0H         PUBLIC        ?C?LSTKXDATA
  -------         ENDMOD        ?C?LSTKXDATA

  -------         MODULE        ?C?LIMUL
  C:3111H         PUBLIC        ?C?LIMUL
  -------         ENDMOD        ?C?LIMUL

  -------         MODULE        STRLEN
  C:000EH         PUBLIC        _STRLEN
  -------         ENDMOD        STRLEN

*** WARNING L16: UNCALLED SEGMENT, IGNORED FOR OVERLAY PROCESS
    SEGMENT: ?PR?_LCD_COLOR_FILL?TFTLCD

*** WARNING L16: UNCALLED SEGMENT, IGNORED FOR OVERLAY PROCESS
    SEGMENT: ?PR?_LCD_DRAWBIGPOINT?TFTLCD

*** WARNING L16: UNCALLED SEGMENT, IGNORED FOR OVERLAY PROCESS
    SEGMENT: ?PR?_LCD_DRAWLINE_COLOR?TFTLCD

*** WARNING L16: UNCALLED SEGMENT, IGNORED FOR OVERLAY PROCESS
    SEGMENT: ?PR?_LCD_DROWSIGN?TFTLCD

*** WARNING L16: UNCALLED SEGMENT, IGNORED FOR OVERLAY PROCESS
    SEGMENT: ?PR?_LCD_DRAWRECTANGLE?TFTLCD

*** WARNING L16: UNCALLED SEGMENT, IGNORED FOR OVERLAY PROCESS
    SEGMENT: ?PR?_LCD_DRAW_CIRCLE?TFTLCD

*** WARNING L16: UNCALLED SEGMENT, IGNORED FOR OVERLAY PROCESS
    SEGMENT: ?PR?_LCD_SHOWXNUM?TFTLCD

*** WARNING L16: UNCALLED SEGMENT, IGNORED FOR OVERLAY PROCESS
    SEGMENT: ?PR?_LCD_SHOWFONTHZ?TFTLCD

BL51 BANKED LINKER/LOCATER V6.22.2.0                                                  01/14/2022  13:18:28  PAGE 45


*** WARNING L16: UNCALLED SEGMENT, IGNORED FOR OVERLAY PROCESS
    SEGMENT: ?PR?_LCD_SHOWPICTURE?TFTLCD

*** WARNING L16: UNCALLED SEGMENT, IGNORED FOR OVERLAY PROCESS
    SEGMENT: ?PR?_GUI_COLOR_CHG?GUI

*** WARNING L16: UNCALLED SEGMENT, IGNORED FOR OVERLAY PROCESS
    SEGMENT: ?PR?_GUI_RGB332TORGB565?GUI

*** WARNING L16: UNCALLED SEGMENT, IGNORED FOR OVERLAY PROCESS
    SEGMENT: ?PR?_GUI_DISABS?GUI

*** WARNING L16: UNCALLED SEGMENT, IGNORED FOR OVERLAY PROCESS
    SEGMENT: ?PR?_GUI_DRAW_POINT?GUI

*** WARNING L16: UNCALLED SEGMENT, IGNORED FOR OVERLAY PROCESS
    SEGMENT: ?PR?_GUI_ALPHABLEND_AREA?GUI

*** WARNING L16: UNCALLED SEGMENT, IGNORED FOR OVERLAY PROCESS
    SEGMENT: ?PR?_GUI_DRAW_BLINE?GUI

*** WARNING L16: UNCALLED SEGMENT, IGNORED FOR OVERLAY PROCESS
    SEGMENT: ?PR?_GUI_DRAW_BLINE1?GUI

*** WARNING L16: UNCALLED SEGMENT, IGNORED FOR OVERLAY PROCESS
    SEGMENT: ?PR?_GUI_FILL_COLORBLOCK?GUI

*** WARNING L16: UNCALLED SEGMENT, IGNORED FOR OVERLAY PROCESS
    SEGMENT: ?PR?_GUI_DRAW_SMOOTH_RECTANGLE?GUI

*** WARNING L16: UNCALLED SEGMENT, IGNORED FOR OVERLAY PROCESS
    SEGMENT: ?PR?_GUI_DRAW_ARCRECTANGLE?GUI

*** WARNING L16: UNCALLED SEGMENT, IGNORED FOR OVERLAY PROCESS
    SEGMENT: ?PR?_GUI_DRAW_ELLIPSE?GUI

*** WARNING L16: UNCALLED SEGMENT, IGNORED FOR OVERLAY PROCESS
    SEGMENT: ?PR?_GUI_FILL_ELLIPSE?GUI

*** WARNING L16: UNCALLED SEGMENT, IGNORED FOR OVERLAY PROCESS
    SEGMENT: ?PR?_GUI_SHOW_STRMID?GUI

*** WARNING L16: UNCALLED SEGMENT, IGNORED FOR OVERLAY PROCESS
    SEGMENT: ?PR?_GUI_SHOW_NUM?GUI

*** WARNING L16: UNCALLED SEGMENT, IGNORED FOR OVERLAY PROCESS
    SEGMENT: ?PR?_GUI_NUM2STR?GUI

*** WARNING L16: UNCALLED SEGMENT, IGNORED FOR OVERLAY PROCESS
    SEGMENT: ?PR?_GUI_SHOW_PTSTRWHITERIM?GUI

*** WARNING L16: UNCALLED SEGMENT, IGNORED FOR OVERLAY PROCESS
    SEGMENT: ?PR?_GUI_GET_STRINGLINE?GUI

*** WARNING L16: UNCALLED SEGMENT, IGNORED FOR OVERLAY PROCESS
    SEGMENT: ?PR?_GUI_SHOW_STRING?GUI

BL51 BANKED LINKER/LOCATER V6.22.2.0                                                  01/14/2022  13:18:28  PAGE 46


Program Size: data=9.0 xdata=960 code=29381
LINK/LOCATE RUN COMPLETE.  27 WARNING(S),  0 ERROR(S)
